Archive member included because of file (symbol)

../src/ASF/thirdparty/wireless/ble_sdk/lib/cm0p/gcc\libble_sdk.a(event.o)
                              src/ASF/thirdparty/wireless/ble_sdk/ble_services/ble_mgr/ble_manager.o (at_ble_event_get)
../src/ASF/thirdparty/wireless/ble_sdk/lib/cm0p/gcc\libble_sdk.a(gap.o)
                              src/ASF/thirdparty/wireless/ble_sdk/ble_services/ble_mgr/ble_manager.o (at_ble_device_name_set)
../src/ASF/thirdparty/wireless/ble_sdk/lib/cm0p/gcc\libble_sdk.a(gatt_server.o)
                              ../src/ASF/thirdparty/wireless/ble_sdk/lib/cm0p/gcc\libble_sdk.a(event.o) (gatts_handle_read_req)
../src/ASF/thirdparty/wireless/ble_sdk/lib/cm0p/gcc\libble_sdk.a(interface.o)
                              ../src/ASF/thirdparty/wireless/ble_sdk/lib/cm0p/gcc\libble_sdk.a(gap.o) (interface_init)
../src/ASF/thirdparty/wireless/ble_sdk/lib/cm0p/gcc\libble_sdk.a(l2cc_task.o)
                              ../src/ASF/thirdparty/wireless/ble_sdk/lib/cm0p/gcc\libble_sdk.a(event.o) (l2cc_data_send_rsp_handler)
../src/ASF/thirdparty/wireless/ble_sdk/lib/cm0p/gcc\libble_sdk.a(security.o)
                              src/ASF/thirdparty/wireless/ble_sdk/ble_services/ble_mgr/ble_manager.o (at_ble_authenticate)
../src/ASF/thirdparty/wireless/ble_sdk/lib/cm0p/gcc\libble_sdk.a(patch_mem_words.o)
                              ../src/ASF/thirdparty/wireless/ble_sdk/lib/cm0p/gcc\libble_sdk.a(gap.o) (gu32fw_version)
../src/ASF/thirdparty/wireless/ble_sdk/lib/cm0p/gcc\libble_sdk.a(calib_task.o)
                              ../src/ASF/thirdparty/wireless/ble_sdk/lib/cm0p/gcc\libble_sdk.a(gap.o) (calib_config)
../src/ASF/thirdparty/wireless/ble_sdk/lib/cm0p/gcc\libble_sdk.a(dbg_logs.o)
                              ../src/ASF/thirdparty/wireless/ble_sdk/lib/cm0p/gcc\libble_sdk.a(event.o) (tpfAtBlePrintErr)
../src/ASF/thirdparty/wireless/ble_sdk/lib/cm0p/gcc\libble_sdk.a(dbg_task.o)
                              ../src/ASF/thirdparty/wireless/ble_sdk/lib/cm0p/gcc\libble_sdk.a(gap.o) (dbg_le_set_bd_addr_req_handler)
../src/ASF/thirdparty/wireless/ble_sdk/lib/cm0p/gcc\libble_sdk.a(gapc_task.o)
                              ../src/ASF/thirdparty/wireless/ble_sdk/lib/cm0p/gcc\libble_sdk.a(security.o) (check_ConnData_idx_role)
../src/ASF/thirdparty/wireless/ble_sdk/lib/cm0p/gcc\libble_sdk.a(gapm_task.o)
                              ../src/ASF/thirdparty/wireless/ble_sdk/lib/cm0p/gcc\libble_sdk.a(gap.o) (gapm_reset_req_handler)
../src/ASF/thirdparty/wireless/ble_sdk/lib/cm0p/gcc\libble_sdk.a(gattc_task.o)
                              ../src/ASF/thirdparty/wireless/ble_sdk/lib/cm0p/gcc\libble_sdk.a(gatt_server.o) (gattc_read_req_ind_parser)
../src/ASF/thirdparty/wireless/ble_sdk/lib/cm0p/gcc\libble_sdk.a(gattm_task.o)
                              ../src/ASF/thirdparty/wireless/ble_sdk/lib/cm0p/gcc\libble_sdk.a(gatt_server.o) (gattm_add_svc_req_handler)
../src/ASF/thirdparty/wireless/ble_sdk/lib/cm0p/gcc\libble_sdk.a(htpt_task.o)
                              ../src/ASF/thirdparty/wireless/ble_sdk/lib/cm0p/gcc\libble_sdk.a(event.o) (htpt_enable_rsp_handler)
../src/ASF/thirdparty/wireless/ble_sdk/lib/cm0p/gcc\libble_sdk.a(at_ble_patch.o)
                              ../src/ASF/thirdparty/wireless/ble_sdk/lib/cm0p/gcc\libble_sdk.a(patch_mem_words.o) (write_32_to_BTLC1000)
../src/ASF/thirdparty/wireless/ble_sdk/lib/cm0p/gcc\libble_sdk.a(fifo.o)
                              ../src/ASF/thirdparty/wireless/ble_sdk/lib/cm0p/gcc\libble_sdk.a(interface.o) (fifo_init)
c:/program files (x86)/atmel/studio/7.0/toolchain/arm/arm-gnu-toolchain/bin/../lib/gcc/arm-none-eabi/4.9.3/armv6-m\libgcc.a(_thumb1_case_sqi.o)
                              ../src/ASF/thirdparty/wireless/ble_sdk/lib/cm0p/gcc\libble_sdk.a(gap.o) (__gnu_thumb1_case_sqi)
c:/program files (x86)/atmel/studio/7.0/toolchain/arm/arm-gnu-toolchain/bin/../lib/gcc/arm-none-eabi/4.9.3/armv6-m\libgcc.a(_thumb1_case_uqi.o)
                              ../src/ASF/thirdparty/wireless/ble_sdk/lib/cm0p/gcc\libble_sdk.a(gap.o) (__gnu_thumb1_case_uqi)
c:/program files (x86)/atmel/studio/7.0/toolchain/arm/arm-gnu-toolchain/bin/../lib/gcc/arm-none-eabi/4.9.3/armv6-m\libgcc.a(_udivsi3.o)
                              src/ASF/common2/services/delay/sam0/systick_counter.o (__aeabi_uidiv)
c:/program files (x86)/atmel/studio/7.0/toolchain/arm/arm-gnu-toolchain/bin/../lib/gcc/arm-none-eabi/4.9.3/armv6-m\libgcc.a(_dvmd_tls.o)
                              c:/program files (x86)/atmel/studio/7.0/toolchain/arm/arm-gnu-toolchain/bin/../lib/gcc/arm-none-eabi/4.9.3/armv6-m\libgcc.a(_udivsi3.o) (__aeabi_idiv0)
c:/program files (x86)/atmel/studio/7.0/toolchain/arm/arm-gnu-toolchain/bin/../lib/gcc/arm-none-eabi/4.9.3/armv6-m\libgcc.a(_muldi3.o)
                              src/ASF/sam0/drivers/sercom/sercom.o (__aeabi_lmul)
c:/program files (x86)/atmel/studio/7.0/toolchain/arm/arm-gnu-toolchain/bin/../lib/gcc/arm-none-eabi/4.9.3/armv6-m\libgcc.a(muldf3.o)
[...]
Memory Configuration

Name             Origin             Length             Attributes
rom              0x00000000         0x00040000         xr
ram              0x20000000         0x00008000         xrw
lpram            0x30000000         0x00002000         xrw
*default*        0x00000000         0xffffffff

Linker script and memory map

LOAD c:/program files (x86)/atmel/studio/7.0/toolchain/arm/arm-gnu-toolchain/bin/../lib/gcc/arm-none-eabi/4.9.3/armv6-m/crti.o
LOAD c:/program files (x86)/atmel/studio/7.0/toolchain/arm/arm-gnu-toolchain/bin/../lib/gcc/arm-none-eabi/4.9.3/armv6-m/crtbegin.o
LOAD c:/program files (x86)/atmel/studio/7.0/toolchain/arm/arm-gnu-toolchain/bin/../lib/gcc/arm-none-eabi/4.9.3/../../../../arm-none-eabi/lib/armv6-m/crt0.o
LOAD src/ASF/common2/services/delay/sam0/systick_counter.o
LOAD src/ASF/common/utils/interrupt/interrupt_sam_nvic.o
LOAD src/ASF/sam0/boards/saml21_xplained_pro_b/board_init.o
LOAD src/ASF/sam0/drivers/extint/extint_callback.o
LOAD src/ASF/sam0/drivers/extint/extint_sam_l_c/extint.o
LOAD src/ASF/sam0/drivers/port/port.o
LOAD src/ASF/sam0/drivers/sercom/sercom.o
LOAD src/ASF/sam0/drivers/sercom/sercom_interrupt.o
LOAD src/ASF/sam0/drivers/sercom/usart/usart.o
LOAD src/ASF/sam0/drivers/sercom/usart/usart_interrupt.o
LOAD src/ASF/sam0/drivers/system/clock/clock_saml21/clock.o
LOAD src/ASF/sam0/drivers/system/clock/clock_saml21/gclk.o
LOAD src/ASF/sam0/drivers/system/interrupt/system_interrupt.o
LOAD src/ASF/sam0/drivers/system/pinmux/pinmux.o
LOAD src/ASF/sam0/drivers/system/system.o
LOAD src/ASF/sam0/drivers/tc/tc_interrupt.o
LOAD src/ASF/sam0/drivers/tc/tc_sam_l_c/tc.o
LOAD src/ASF/sam0/utils/cmsis/saml21/source/gcc/startup_saml21.o
LOAD src/ASF/sam0/utils/cmsis/saml21/source/system_saml21.o
LOAD src/ASF/sam0/utils/stdio/read.o
LOAD src/ASF/sam0/utils/stdio/write.o
LOAD src/ASF/sam0/utils/syscalls/gcc/syscalls.o
LOAD src/ASF/thirdparty/wireless/ble_sdk/ble_services/ble_mgr/ble_manager.o
LOAD src/ASF/thirdparty/wireless/ble_sdk/services/console/sam0/console_serial.o
LOAD src/ASF/thirdparty/wireless/ble_sdk/services/serial/uart/sam0/serial_drv.o
LOAD src/ASF/thirdparty/wireless/ble_sdk/services/serial_fifo/serial_fifo.o
LOAD src/ASF/thirdparty/wireless/ble_sdk/services/timer/sam0/timer_hw.o
LOAD src/ASF/thirdparty/wireless/ble_sdk/src/platform.o
LOAD src/startup_template.o
START GROUP
LOAD ../src/ASF/thirdparty/CMSIS/Lib/GCC\libarm_cortexM0l_math.a
LOAD ../src/ASF/thirdparty/wireless/ble_sdk/lib/cm0p/gcc\libble_sdk.a
LOAD c:/program files (x86)/atmel/studio/7.0/toolchain/arm/arm-gnu-toolchain/bin/../lib/gcc/arm-none-eabi/4.9.3/../../../../arm-none-eabi/lib/armv6-m\libm.a
END GROUP
START GROUP
LOAD c:/program files (x86)/atmel/studio/7.0/toolchain/arm/arm-gnu-toolchain/bin/../lib/gcc/arm-none-eabi/4.9.3/armv6-m\libgcc.a
LOAD c:/program files (x86)/atmel/studio/7.0/toolchain/arm/arm-gnu-toolchain/bin/../lib/gcc/arm-none-eabi/4.9.3/../../../../arm-none-eabi/lib/armv6-m\libc_nano.a
END GROUP
START GROUP
LOAD c:/program files (x86)/atmel/studio/7.0/toolchain/arm/arm-gnu-toolchain/bin/../lib/gcc/arm-none-eabi/4.9.3/armv6-m\libgcc.a
LOAD c:/program files (x86)/atmel/studio/7.0/toolchain/arm/arm-gnu-toolchain/bin/../lib/gcc/arm-none-eabi/4.9.3/../../../../arm-none-eabi/lib/armv6-m\libc_nano.a
END GROUP
LOAD c:/program files (x86)/atmel/studio/7.0/toolchain/arm/arm-gnu-toolchain/bin/../lib/gcc/arm-none-eabi/4.9.3/armv6-m/crtend.o
LOAD c:/program files (x86)/atmel/studio/7.0/toolchain/arm/arm-gnu-toolchain/bin/../lib/gcc/arm-none-eabi/4.9.3/armv6-m/crtn.o
                0x00002000                STACK_SIZE = DEFINED (STACK_SIZE)?STACK_SIZE:DEFINED (__stack_size__)?__stack_size__:0x2000

.text           0x00000000     0xc2f4
                0x00000000                . = ALIGN (0x4)
                0x00000000                _sfixed = .
 *(.vectors .vectors.*)
 .vectors       0x00000000       0xb4 src/ASF/sam0/utils/cmsis/saml21/source/gcc/startup_saml21.o
                0x00000000                exception_table
 *(.text .text.* .gnu.linkonce.t.*)
 .text          0x000000b4       0x60 c:/program files (x86)/atmel/studio/7.0/toolchain/arm/arm-gnu-toolchain/bin/../lib/gcc/arm-none-eabi/4.9.3/armv6-m/crtbegin.o
 .text.delay_init
                0x00000114       0x3c src/ASF/common2/services/delay/sam0/systick_counter.o
                0x00000114                delay_init
 .text.delay_cycles_ms
                0x00000150       0x2c src/ASF/common2/services/delay/sam0/systick_counter.o
                0x00000150                delay_cycles_ms
 .text.cpu_irq_enter_critical
                0x0000017c       0x40 src/ASF/common/utils/interrupt/interrupt_sam_nvic.o
                0x0000017c                cpu_irq_enter_critical
 .text.cpu_irq_leave_critical
                0x000001bc       0x30 src/ASF/common/utils/interrupt/interrupt_sam_nvic.o
                0x000001bc                cpu_irq_leave_critical
 .text.system_board_init
                0x000001ec       0x38 src/ASF/sam0/boards/saml21_xplained_pro_b/board_init.o
                0x000001ec                board_init
                0x000001ec                system_board_init
 .text.extint_register_callback
                0x00000224       0x2c src/ASF/sam0/drivers/extint/extint_callback.o
                0x00000224                extint_register_callback
 .text.extint_chan_enable_callback
                0x00000250       0x20 src/ASF/sam0/drivers/extint/extint_callback.o
                0x00000250                extint_chan_enable_callback
 .text.EIC_Handler
                0x00000270       0x68 src/ASF/sam0/drivers/extint/extint_callback.o
                0x00000270                EIC_Handler
 .text._extint_enable
                0x000002d8       0x20 src/ASF/sam0/drivers/extint/extint_sam_l_c/extint.o
 .text._extint_disable
                0x000002f8       0x20 src/ASF/sam0/drivers/extint/extint_sam_l_c/extint.o
 .text._system_extint_init
                0x00000318       0x84 src/ASF/sam0/drivers/extint/extint_sam_l_c/extint.o
                0x00000318                _system_extint_init
 .text.extint_chan_get_config_defaults
                0x0000039c       0x14 src/ASF/sam0/drivers/extint/extint_sam_l_c/extint.o
                0x0000039c                extint_chan_get_config_defaults
 .text.extint_chan_set_config
                0x000003b0       0x8c src/ASF/sam0/drivers/extint/extint_sam_l_c/extint.o
                0x000003b0                extint_chan_set_config
 .text.port_pin_set_config
                0x0000043c       0x24 src/ASF/sam0/drivers/port/port.o
                0x0000043c                port_pin_set_config
 .text._sercom_get_sync_baud_val
                0x00000460       0x28 src/ASF/sam0/drivers/sercom/sercom.o
                0x00000460                _sercom_get_sync_baud_val
 .text._sercom_get_async_baud_val
                0x00000488      0x1c8 src/ASF/sam0/drivers/sercom/sercom.o
                0x00000488                _sercom_get_async_baud_val
 .text.sercom_set_gclk_generator
                0x00000650       0x4c src/ASF/sam0/drivers/sercom/sercom.o
                0x00000650                sercom_set_gclk_generator
 .text._sercom_get_default_pad
                0x0000069c      0x184 src/ASF/sam0/drivers/sercom/sercom.o
                0x0000069c                _sercom_get_default_pad
 .text._sercom_get_sercom_inst_index
                0x00000820       0x3c src/ASF/sam0/drivers/sercom/sercom.o
                0x00000820                _sercom_get_sercom_inst_index
 .text._sercom_default_handler
                0x0000085c        0x4 src/ASF/sam0/drivers/sercom/sercom_interrupt.o
 .text._sercom_set_handler
                0x00000860       0x3c src/ASF/sam0/drivers/sercom/sercom_interrupt.o
                0x00000860                _sercom_set_handler
 .text._sercom_get_interrupt_vector
                0x0000089c       0x2c src/ASF/sam0/drivers/sercom/sercom_interrupt.o
                0x0000089c                _sercom_get_interrupt_vector
 .text.SERCOM0_Handler
                0x000008c8       0x10 src/ASF/sam0/drivers/sercom/sercom_interrupt.o
                0x000008c8                SERCOM0_Handler
 .text.SERCOM1_Handler
                0x000008d8       0x10 src/ASF/sam0/drivers/sercom/sercom_interrupt.o
                0x000008d8                SERCOM1_Handler
 .text.SERCOM2_Handler
                0x000008e8       0x10 src/ASF/sam0/drivers/sercom/sercom_interrupt.o
                0x000008e8                SERCOM2_Handler
 .text.SERCOM3_Handler
                0x000008f8       0x10 src/ASF/sam0/drivers/sercom/sercom_interrupt.o
                0x000008f8                SERCOM3_Handler
 .text.SERCOM4_Handler
                0x00000908       0x10 src/ASF/sam0/drivers/sercom/sercom_interrupt.o
                0x00000908                SERCOM4_Handler
 .text.SERCOM5_Handler
                0x00000918       0x10 src/ASF/sam0/drivers/sercom/sercom_interrupt.o
                0x00000918                SERCOM5_Handler
 .text.usart_init
                0x00000928      0x35c src/ASF/sam0/drivers/sercom/usart/usart.o
                0x00000928                usart_init
 .text.usart_write_wait
                0x00000c84       0x2c src/ASF/sam0/drivers/sercom/usart/usart.o
                0x00000c84                usart_write_wait
 .text.usart_read_wait
                0x00000cb0       0x78 src/ASF/sam0/drivers/sercom/usart/usart.o
                0x00000cb0                usart_read_wait
 .text._usart_write_buffer
                0x00000d28       0x3c src/ASF/sam0/drivers/sercom/usart/usart_interrupt.o
                0x00000d28                _usart_write_buffer
 .text._usart_read_buffer
                0x00000d64       0x50 src/ASF/sam0/drivers/sercom/usart/usart_interrupt.o
                0x00000d64                _usart_read_buffer
 .text.usart_register_callback
                0x00000db4       0x18 src/ASF/sam0/drivers/sercom/usart/usart_interrupt.o
                0x00000db4                usart_register_callback
 .text.usart_read_job
                0x00000dcc       0x10 src/ASF/sam0/drivers/sercom/usart/usart_interrupt.o
                0x00000dcc                usart_read_job
 .text.usart_write_buffer_job
                0x00000ddc       0x20 src/ASF/sam0/drivers/sercom/usart/usart_interrupt.o
                0x00000ddc                usart_write_buffer_job
 .text.usart_get_job_status
                0x00000dfc       0x20 src/ASF/sam0/drivers/sercom/usart/usart_interrupt.o
                0x00000dfc                usart_get_job_status
 .text._usart_interrupt_handler
                0x00000e1c      0x1a0 src/ASF/sam0/drivers/sercom/usart/usart_interrupt.o
                0x00000e1c                _usart_interrupt_handler
 .text.system_clock_source_get_hz
                0x00000fbc       0x94 src/ASF/sam0/drivers/system/clock/clock_saml21/clock.o
                0x00000fbc                system_clock_source_get_hz
 .text.system_clock_source_osc16m_set_config
                0x00001050       0x38 src/ASF/sam0/drivers/system/clock/clock_saml21/clock.o
                0x00001050                system_clock_source_osc16m_set_config
 .text.system_clock_source_xosc32k_set_config
                0x00001088       0xb4 src/ASF/sam0/drivers/system/clock/clock_saml21/clock.o
                0x00001088                system_clock_source_xosc32k_set_config
 .text.system_clock_source_dfll_set_config
                0x0000113c       0x88 src/ASF/sam0/drivers/system/clock/clock_saml21/clock.o
                0x0000113c                system_clock_source_dfll_set_config
 .text.system_clock_source_enable
                0x000011c4       0xbc src/ASF/sam0/drivers/system/clock/clock_saml21/clock.o
                0x000011c4                system_clock_source_enable
 .text.system_clock_source_disable
                0x00001280       0x80 src/ASF/sam0/drivers/system/clock/clock_saml21/clock.o
                0x00001280                system_clock_source_disable
 .text.system_clock_init
                0x00001300      0x218 src/ASF/sam0/drivers/system/clock/clock_saml21/clock.o
                0x00001300                system_clock_init
 .text.system_gclk_init
                0x00001518       0x24 src/ASF/sam0/drivers/system/clock/clock_saml21/gclk.o
                0x00001518                system_gclk_init
 .text.system_gclk_gen_set_config
                0x0000153c       0xac src/ASF/sam0/drivers/system/clock/clock_saml21/gclk.o
                0x0000153c                system_gclk_gen_set_config
 .text.system_gclk_gen_enable
                0x000015e8       0x40 src/ASF/sam0/drivers/system/clock/clock_saml21/gclk.o
                0x000015e8                system_gclk_gen_enable
 .text.system_gclk_gen_get_hz
                0x00001628       0x6c src/ASF/sam0/drivers/system/clock/clock_saml21/gclk.o
                0x00001628                system_gclk_gen_get_hz
 .text.system_gclk_chan_enable
                0x00001694       0x34 src/ASF/sam0/drivers/system/clock/clock_saml21/gclk.o
                0x00001694                system_gclk_chan_enable
 .text.system_gclk_chan_disable
                0x000016c8       0x34 src/ASF/sam0/drivers/system/clock/clock_saml21/gclk.o
                0x000016c8                system_gclk_chan_disable
 .text.system_gclk_chan_set_config
                0x000016fc       0x24 src/ASF/sam0/drivers/system/clock/clock_saml21/gclk.o
                0x000016fc                system_gclk_chan_set_config
 .text.system_gclk_chan_get_hz
                0x00001720       0x30 src/ASF/sam0/drivers/system/clock/clock_saml21/gclk.o
                0x00001720                system_gclk_chan_get_hz
 .text._system_pinmux_config
                0x00001750       0xa8 src/ASF/sam0/drivers/system/pinmux/pinmux.o
 .text.system_pinmux_pin_set_config
                0x000017f8       0x30 src/ASF/sam0/drivers/system/pinmux/pinmux.o
                0x000017f8                system_pinmux_pin_set_config
 .text._system_dummy_init
                0x00001828        0x4 src/ASF/sam0/drivers/system/system.o
                0x00001828                _system_events_init
                0x00001828                _system_dummy_init
                0x00001828                _system_divas_init
 .text.system_init
                0x0000182c       0x2c src/ASF/sam0/drivers/system/system.o
                0x0000182c                system_init
 .text.tc_register_callback
                0x00001858       0x34 src/ASF/sam0/drivers/tc/tc_interrupt.o
                0x00001858                tc_register_callback
 .text._tc_interrupt_handler
                0x0000188c       0x5c src/ASF/sam0/drivers/tc/tc_interrupt.o
                0x0000188c                _tc_interrupt_handler
 .text.TC0_Handler
                0x000018e8       0x10 src/ASF/sam0/drivers/tc/tc_interrupt.o
                0x000018e8                TC0_Handler
 .text.TC1_Handler
                0x000018f8       0x10 src/ASF/sam0/drivers/tc/tc_interrupt.o
                0x000018f8                TC1_Handler
 .text.TC2_Handler
                0x00001908       0x10 src/ASF/sam0/drivers/tc/tc_interrupt.o
                0x00001908                TC2_Handler
 .text.TC3_Handler
                0x00001918       0x10 src/ASF/sam0/drivers/tc/tc_interrupt.o
                0x00001918                TC3_Handler
 .text.TC4_Handler
                0x00001928       0x10 src/ASF/sam0/drivers/tc/tc_interrupt.o
                0x00001928                TC4_Handler
 .text._tc_get_inst_index
                0x00001938       0x3c src/ASF/sam0/drivers/tc/tc_sam_l_c/tc.o
                0x00001938                _tc_get_inst_index
 .text.tc_init  0x00001974      0x2e4 src/ASF/sam0/drivers/tc/tc_sam_l_c/tc.o
                0x00001974                tc_init
 .text.tc_set_count_value
                0x00001c58       0x34 src/ASF/sam0/drivers/tc/tc_sam_l_c/tc.o
                0x00001c58                tc_set_count_value
 .text.tc_reset
                0x00001c8c       0x34 src/ASF/sam0/drivers/tc/tc_sam_l_c/tc.o
                0x00001c8c                tc_reset
 .text.Dummy_Handler
                0x00001cc0        0x4 src/ASF/sam0/utils/cmsis/saml21/source/gcc/startup_saml21.o
                0x00001cc0                DMAC_Handler
                0x00001cc0                TRNG_Handler
                0x00001cc0                HardFault_Handler
                0x00001cc0                AC_Handler
                0x00001cc0                SysTick_Handler
                0x00001cc0                PendSV_Handler
                0x00001cc0                NMI_Handler
                0x00001cc0                ADC_Handler
                0x00001cc0                TCC1_Handler
                0x00001cc0                TCC0_Handler
                0x00001cc0                RTC_Handler
                0x00001cc0                WDT_Handler
                0x00001cc0                USB_Handler
                0x00001cc0                Dummy_Handler
                0x00001cc0                SVC_Handler
                0x00001cc0                TCC2_Handler
                0x00001cc0                EVSYS_Handler
                0x00001cc0                NVMCTRL_Handler
                0x00001cc0                SYSTEM_Handler
                0x00001cc0                DAC_Handler
                0x00001cc0                PTC_Handler
                0x00001cc0                AES_Handler
 .text.Reset_Handler
                0x00001cc4       0xa8 src/ASF/sam0/utils/cmsis/saml21/source/gcc/startup_saml21.o
                0x00001cc4                Reset_Handler
 .text._read    0x00001d6c       0x44 src/ASF/sam0/utils/stdio/read.o
                0x00001d6c                _read
 .text._write   0x00001db0       0x50 src/ASF/sam0/utils/stdio/write.o
                0x00001db0                _write
 .text._sbrk    0x00001e00       0x24 src/ASF/sam0/utils/syscalls/gcc/syscalls.o
                0x00001e00                _sbrk
 .text._close   0x00001e24        0x8 src/ASF/sam0/utils/syscalls/gcc/syscalls.o
                0x00001e24                _close
 .text._fstat   0x00001e2c        0xc src/ASF/sam0/utils/syscalls/gcc/syscalls.o
                0x00001e2c                _fstat
 .text._isatty  0x00001e38        0x4 src/ASF/sam0/utils/syscalls/gcc/syscalls.o
                0x00001e38                _isatty
 .text._lseek   0x00001e3c        0x4 src/ASF/sam0/utils/syscalls/gcc/syscalls.o
                0x00001e3c                _lseek
 .text.ble_undefined_event_handler
                0x00001e40        0x4 src/ASF/thirdparty/wireless/ble_sdk/ble_services/ble_mgr/ble_manager.o
                0x00001e40                ble_undefined_event_handler
 .text.ble_mtu_changed_indication_handler
                0x00001e44        0x4 src/ASF/thirdparty/wireless/ble_sdk/ble_services/ble_mgr/ble_manager.o
                0x00001e44                ble_mtu_changed_indication_handler
 .text.ble_characteristic_write_cmd_complete_handler
                0x00001e48        0xc src/ASF/thirdparty/wireless/ble_sdk/ble_services/ble_mgr/ble_manager.o
                0x00001e48                ble_characteristic_write_cmd_complete_handler
 .text.ble_conn_param_update
                0x00001e54        0x4 src/ASF/thirdparty/wireless/ble_sdk/ble_services/ble_mgr/ble_manager.o
                0x00001e54                ble_conn_param_update
 .text.ble_scan_report_handler
                0x00001e58       0x28 src/ASF/thirdparty/wireless/ble_sdk/ble_services/ble_mgr/ble_manager.o
                0x00001e58                ble_scan_report_handler
 .text.ble_mtu_changed_cmd_complete_handler
                0x00001e80       0x30 src/ASF/thirdparty/wireless/ble_sdk/ble_services/ble_mgr/ble_manager.o
                0x00001e80                ble_mtu_changed_cmd_complete_handler
 .text.ble_disconnected_state_handler
                0x00001eb0       0x88 src/ASF/thirdparty/wireless/ble_sdk/ble_services/ble_mgr/ble_manager.o
                0x00001eb0                ble_disconnected_state_handler
 .text.ble_encryption_status_change_handler
                0x00001f38       0xbc src/ASF/thirdparty/wireless/ble_sdk/ble_services/ble_mgr/ble_manager.o
                0x00001f38                ble_encryption_status_change_handler
 .text.ble_scan_info_handler
                0x00001ff4       0x80 src/ASF/thirdparty/wireless/ble_sdk/ble_services/ble_mgr/ble_manager.o
                0x00001ff4                ble_scan_info_handler
 .text.ble_pair_done_handler
                0x00002074      0x120 src/ASF/thirdparty/wireless/ble_sdk/ble_services/ble_mgr/ble_manager.o
                0x00002074                ble_pair_done_handler
 .text.ble_conn_param_update_req
                0x00002194       0x18 src/ASF/thirdparty/wireless/ble_sdk/ble_services/ble_mgr/ble_manager.o
                0x00002194                ble_conn_param_update_req
 .text.ble_slave_security_request_handler
                0x000021ac      0x1e8 src/ASF/thirdparty/wireless/ble_sdk/ble_services/ble_mgr/ble_manager.o
                0x000021ac                ble_slave_security_request_handler
 .text.ble_pair_request_handler
                0x00002394      0x154 src/ASF/thirdparty/wireless/ble_sdk/ble_services/ble_mgr/ble_manager.o
                0x00002394                ble_pair_request_handler
 .text.ble_pair_key_request_handler
                0x000024e8      0x154 src/ASF/thirdparty/wireless/ble_sdk/ble_services/ble_mgr/ble_manager.o
                0x000024e8                ble_pair_key_request_handler
 .text.ble_encryption_request_handler
                0x0000263c       0xf0 src/ASF/thirdparty/wireless/ble_sdk/ble_services/ble_mgr/ble_manager.o
                0x0000263c                ble_encryption_request_handler
 .text.ble_mgr_events_callback_handler
                0x0000272c       0xd0 src/ASF/thirdparty/wireless/ble_sdk/ble_services/ble_mgr/ble_manager.o
                0x0000272c                ble_mgr_events_callback_handler
 .text.ble_device_init
                0x000027fc      0x26c src/ASF/thirdparty/wireless/ble_sdk/ble_services/ble_mgr/ble_manager.o
                0x000027fc                ble_device_init
 .text.ble_send_slave_sec_request
                0x00002a68       0x34 src/ASF/thirdparty/wireless/ble_sdk/ble_services/ble_mgr/ble_manager.o
                0x00002a68                ble_send_slave_sec_request
 .text.ble_connected_state_handler
                0x00002a9c      0x234 src/ASF/thirdparty/wireless/ble_sdk/ble_services/ble_mgr/ble_manager.o
                0x00002a9c                ble_connected_state_handler
 .text.ble_resolv_rand_addr_handler
                0x00002cd0      0x130 src/ASF/thirdparty/wireless/ble_sdk/ble_services/ble_mgr/ble_manager.o
                0x00002cd0                ble_resolv_rand_addr_handler
 .text.ble_event_manager
                0x00002e00      0x118 src/ASF/thirdparty/wireless/ble_sdk/ble_services/ble_mgr/ble_manager.o
                0x00002e00                ble_event_manager
 .text.ble_event_task
                0x00002f18       0x34 src/ASF/thirdparty/wireless/ble_sdk/ble_services/ble_mgr/ble_manager.o
                0x00002f18                ble_event_task
 .text.ble_advertisement_data_set
                0x00002f4c       0x78 src/ASF/thirdparty/wireless/ble_sdk/ble_services/ble_mgr/ble_manager.o
                0x00002f4c                ble_advertisement_data_set
 .text.usart_serial_getchar
                0x00002fc4       0x2c src/ASF/thirdparty/wireless/ble_sdk/services/console/sam0/console_serial.o
 .text.usart_serial_putchar
                0x00002ff0       0x18 src/ASF/thirdparty/wireless/ble_sdk/services/console/sam0/console_serial.o
 .text.serial_console_init
                0x00003008       0xf4 src/ASF/thirdparty/wireless/ble_sdk/services/console/sam0/console_serial.o
                0x00003008                serial_console_init
 .text.getchar_timeout
                0x000030fc       0x40 src/ASF/thirdparty/wireless/ble_sdk/services/console/sam0/console_serial.o
                0x000030fc                getchar_timeout
 .text.serial_drv_write_cb
                0x0000313c        0x4 src/ASF/thirdparty/wireless/ble_sdk/services/serial/uart/sam0/serial_drv.o
 .text.serial_drv_read_cb
                0x00003140       0x14 src/ASF/thirdparty/wireless/ble_sdk/services/serial/uart/sam0/serial_drv.o
 .text.serial_drv_send
                0x00003154       0x34 src/ASF/thirdparty/wireless/ble_sdk/services/serial/uart/sam0/serial_drv.o
                0x00003154                serial_drv_send
 .text.serial_read_byte
                0x00003188       0x14 src/ASF/thirdparty/wireless/ble_sdk/services/serial/uart/sam0/serial_drv.o
                0x00003188                serial_read_byte
 .text.configure_serial_drv
                0x0000319c       0xfc src/ASF/thirdparty/wireless/ble_sdk/services/serial/uart/sam0/serial_drv.o
                0x0000319c                configure_serial_drv
 .text.configure_usart_after_patch
                0x00003298      0x160 src/ASF/thirdparty/wireless/ble_sdk/services/serial/uart/sam0/serial_drv.o
                0x00003298                configure_usart_after_patch
 .text.platfrom_start_rx
                0x000033f8       0x14 src/ASF/thirdparty/wireless/ble_sdk/services/serial/uart/sam0/serial_drv.o
                0x000033f8                platfrom_start_rx
 .text.platform_enter_critical_section
                0x0000340c        0xc src/ASF/thirdparty/wireless/ble_sdk/services/serial/uart/sam0/serial_drv.o
                0x0000340c                platform_enter_critical_section
 .text.platform_leave_critical_section
                0x00003418        0xc src/ASF/thirdparty/wireless/ble_sdk/services/serial/uart/sam0/serial_drv.o
                0x00003418                platform_leave_critical_section
 .text.tc_cc1_cb
                0x00003424       0x10 src/ASF/thirdparty/wireless/ble_sdk/services/timer/sam0/timer_hw.o
                0x00003424                tc_cc1_cb
 .text.tc_cc0_cb
                0x00003434       0x44 src/ASF/thirdparty/wireless/ble_sdk/services/timer/sam0/timer_hw.o
                0x00003434                tc_cc0_cb
 .text.hw_timer_init
                0x00003478       0x90 src/ASF/thirdparty/wireless/ble_sdk/services/timer/sam0/timer_hw.o
                0x00003478                hw_timer_init
 .text.hw_timer_register_callback
                0x00003508        0xc src/ASF/thirdparty/wireless/ble_sdk/services/timer/sam0/timer_hw.o
                0x00003508                hw_timer_register_callback
 .text.platform_configure_timer
                0x00003514      0x140 src/ASF/thirdparty/wireless/ble_sdk/services/timer/sam0/timer_hw.o
                0x00003514                platform_configure_timer
 .text.platform_start_bus_timer
                0x00003654       0x34 src/ASF/thirdparty/wireless/ble_sdk/services/timer/sam0/timer_hw.o
                0x00003654                platform_start_bus_timer
 .text.platform_delete_bus_timer
                0x00003688       0x2c src/ASF/thirdparty/wireless/ble_sdk/services/timer/sam0/timer_hw.o
                0x00003688                platform_delete_bus_timer
 .text.platform_stop_bus_timer
                0x000036b4       0x14 src/ASF/thirdparty/wireless/ble_sdk/services/timer/sam0/timer_hw.o
                0x000036b4                platform_stop_bus_timer
 .text.platform_init
                0x000036c8       0x6c src/ASF/thirdparty/wireless/ble_sdk/src/platform.o
                0x000036c8                platform_init
 .text.platform_send_sync
                0x00003734       0x1c src/ASF/thirdparty/wireless/ble_sdk/src/platform.o
                0x00003734                platform_send_sync
 .text.platform_gpio_set
                0x00003750       0x38 src/ASF/thirdparty/wireless/ble_sdk/src/platform.o
                0x00003750                platform_gpio_set
 .text.platform_recv_async
                0x00003788       0x20 src/ASF/thirdparty/wireless/ble_sdk/src/platform.o
                0x00003788                platform_recv_async
 .text.platform_process_rxdata
                0x000037a8       0x20 src/ASF/thirdparty/wireless/ble_sdk/src/platform.o
                0x000037a8                platform_process_rxdata
 .text.platform_configure_hw_fc_uart
                0x000037c8        0xc src/ASF/thirdparty/wireless/ble_sdk/src/platform.o
                0x000037c8                platform_configure_hw_fc_uart
 .text.platform_create_timer
                0x000037d4        0xc src/ASF/thirdparty/wireless/ble_sdk/src/platform.o
                0x000037d4                platform_create_timer
 .text.platform_delete_timer
                0x000037e0       0x20 src/ASF/thirdparty/wireless/ble_sdk/src/platform.o
                0x000037e0                platform_delete_timer
 .text.platform_start_timer
                0x00003800       0x24 src/ASF/thirdparty/wireless/ble_sdk/src/platform.o
                0x00003800                platform_start_timer
 .text.platform_stop_timer
                0x00003824       0x20 src/ASF/thirdparty/wireless/ble_sdk/src/platform.o
                0x00003824                platform_stop_timer
 .text.platform_sleep
                0x00003844        0xc src/ASF/thirdparty/wireless/ble_sdk/src/platform.o
                0x00003844                platform_sleep
 .text.ble_paired_app_event
                0x00003850        0x4 src/startup_template.o
 .text.ble_notification_confirmed_app_event
                0x00003854        0xc src/startup_template.o
 .text.ble_char_changed_app_event
                0x00003860        0x4 src/startup_template.o
 .text.timer_callback_fn
                0x00003864        0x4 src/startup_template.o
 .text.button_cb
                0x00003868        0x4 src/startup_template.o
                0x00003868                button_cb
 .text.start_advertisement
                0x0000386c       0x60 src/startup_template.o
 .text.ble_disconnected_app_event
                0x000038cc       0x10 src/startup_template.o
 .text.main     0x000038dc       0xd0 src/startup_template.o
                0x000038dc                main
 .text.internal_event_post
                0x000039ac       0x3c ../src/ASF/thirdparty/wireless/ble_sdk/lib/cm0p/gcc\libble_sdk.a(event.o)
                0x000039ac                internal_event_post
 .text.internal_event_init
                0x000039e8       0x38 ../src/ASF/thirdparty/wireless/ble_sdk/lib/cm0p/gcc\libble_sdk.a(event.o)
                0x000039e8                internal_event_init
 .text.special_events_handler
                0x00003a20       0xa8 ../src/ASF/thirdparty/wireless/ble_sdk/lib/cm0p/gcc\libble_sdk.a(event.o)
                0x00003a20                special_events_handler
 .text.at_ble_event_get
                0x00003ac8      0x5e4 ../src/ASF/thirdparty/wireless/ble_sdk/lib/cm0p/gcc\libble_sdk.a(event.o)
                0x00003ac8                at_ble_event_get
 .text.internal_event_flush
                0x000040ac       0x44 ../src/ASF/thirdparty/wireless/ble_sdk/lib/cm0p/gcc\libble_sdk.a(event.o)
                0x000040ac                internal_event_flush
 .text.internal_conn_flush
                0x000040f0       0x54 ../src/ASF/thirdparty/wireless/ble_sdk/lib/cm0p/gcc\libble_sdk.a(event.o)
                0x000040f0                internal_conn_flush
 .text.at_ble_device_name_set
                0x00004144       0x5c ../src/ASF/thirdparty/wireless/ble_sdk/lib/cm0p/gcc\libble_sdk.a(gap.o)
                0x00004144                at_ble_device_name_set
 .text.at_ble_addr_get
                0x000041a0       0x24 ../src/ASF/thirdparty/wireless/ble_sdk/lib/cm0p/gcc\libble_sdk.a(gap.o)
                0x000041a0                at_ble_addr_get
 .text.at_ble_set_dev_config
                0x000041c4      0x104 ../src/ASF/thirdparty/wireless/ble_sdk/lib/cm0p/gcc\libble_sdk.a(gap.o)
                0x000041c4                at_ble_set_dev_config
 .text.at_ble_init
                0x000042c8      0x168 ../src/ASF/thirdparty/wireless/ble_sdk/lib/cm0p/gcc\libble_sdk.a(gap.o)
                0x000042c8                at_ble_init
 .text.at_ble_addr_set
                0x00004430       0x54 ../src/ASF/thirdparty/wireless/ble_sdk/lib/cm0p/gcc\libble_sdk.a(gap.o)
                0x00004430                at_ble_addr_set
 .text.at_ble_adv_data_set
                0x00004484       0x84 ../src/ASF/thirdparty/wireless/ble_sdk/lib/cm0p/gcc\libble_sdk.a(gap.o)
                0x00004484                at_ble_adv_data_set
 .text.at_ble_adv_start
                0x00004508      0x13c ../src/ASF/thirdparty/wireless/ble_sdk/lib/cm0p/gcc\libble_sdk.a(gap.o)
                0x00004508                at_ble_adv_start
 .text.at_ble_scan_stop
                0x00004644       0x20 ../src/ASF/thirdparty/wireless/ble_sdk/lib/cm0p/gcc\libble_sdk.a(gap.o)
                0x00004644                at_ble_scan_stop
 .text.at_ble_disconnect
                0x00004664       0x20 ../src/ASF/thirdparty/wireless/ble_sdk/lib/cm0p/gcc\libble_sdk.a(gap.o)
                0x00004664                at_ble_disconnect
 .text.at_ble_conn_update_reply
                0x00004684       0x40 ../src/ASF/thirdparty/wireless/ble_sdk/lib/cm0p/gcc\libble_sdk.a(gap.o)
                0x00004684                at_ble_conn_update_reply
 .text.at_ble_random_address_resolve
                0x000046c4       0x28 ../src/ASF/thirdparty/wireless/ble_sdk/lib/cm0p/gcc\libble_sdk.a(gap.o)
                0x000046c4                at_ble_random_address_resolve
 .text.at_ble_uuid_len2type
                0x000046ec       0x14 ../src/ASF/thirdparty/wireless/ble_sdk/lib/cm0p/gcc\libble_sdk.a(gap.o)
                0x000046ec                at_ble_uuid_len2type
 .text.db_searchATT
                0x00004700       0x40 ../src/ASF/thirdparty/wireless/ble_sdk/lib/cm0p/gcc\libble_sdk.a(gatt_server.o)
 .text.at_ble_read_authorize_reply.part.2
                0x00004740       0x30 ../src/ASF/thirdparty/wireless/ble_sdk/lib/cm0p/gcc\libble_sdk.a(gatt_server.o)
 .text.db_init  0x00004770       0x38 ../src/ASF/thirdparty/wireless/ble_sdk/lib/cm0p/gcc\libble_sdk.a(gatt_server.o)
                0x00004770                db_init
 .text.at_ble_characteristic_value_set
                0x000047a8       0x3c ../src/ASF/thirdparty/wireless/ble_sdk/lib/cm0p/gcc\libble_sdk.a(gatt_server.o)
                0x000047a8                at_ble_characteristic_value_set
 .text.at_ble_characteristic_value_get
                0x000047e4       0x40 ../src/ASF/thirdparty/wireless/ble_sdk/lib/cm0p/gcc\libble_sdk.a(gatt_server.o)
                0x000047e4                at_ble_characteristic_value_get
 .text.at_ble_write_authorize_reply
                0x00004824       0x88 ../src/ASF/thirdparty/wireless/ble_sdk/lib/cm0p/gcc\libble_sdk.a(gatt_server.o)
                0x00004824                at_ble_write_authorize_reply
 .text.gatts_handle_read_req
                0x000048ac       0x30 ../src/ASF/thirdparty/wireless/ble_sdk/lib/cm0p/gcc\libble_sdk.a(gatt_server.o)
                0x000048ac                gatts_handle_read_req
 .text.gatts_handle_att_info_req
                0x000048dc       0x3c ../src/ASF/thirdparty/wireless/ble_sdk/lib/cm0p/gcc\libble_sdk.a(gatt_server.o)
                0x000048dc                gatts_handle_att_info_req
 .text.gatts_handle_write_req
                0x00004918       0x30 ../src/ASF/thirdparty/wireless/ble_sdk/lib/cm0p/gcc\libble_sdk.a(gatt_server.o)
                0x00004918                gatts_handle_write_req
 .text.interface_event_timeout_timer_callback
                0x00004948        0xc ../src/ASF/thirdparty/wireless/ble_sdk/lib/cm0p/gcc\libble_sdk.a(interface.o)
 .text.interface_create_timer
                0x00004954       0x2c ../src/ASF/thirdparty/wireless/ble_sdk/lib/cm0p/gcc\libble_sdk.a(interface.o)
 .text.interface_timer_callback
                0x00004980       0x70 ../src/ASF/thirdparty/wireless/ble_sdk/lib/cm0p/gcc\libble_sdk.a(interface.o)
 .text.interface_start_timer.part.1
                0x000049f0       0x24 ../src/ASF/thirdparty/wireless/ble_sdk/lib/cm0p/gcc\libble_sdk.a(interface.o)
 .text.interface_stop_timer
                0x00004a14       0x48 ../src/ASF/thirdparty/wireless/ble_sdk/lib/cm0p/gcc\libble_sdk.a(interface.o)
 .text.interface_check_and_assert_ext_wakeup
                0x00004a5c       0x60 ../src/ASF/thirdparty/wireless/ble_sdk/lib/cm0p/gcc\libble_sdk.a(interface.o)
 .text.interface_recv_async
                0x00004abc       0x68 ../src/ASF/thirdparty/wireless/ble_sdk/lib/cm0p/gcc\libble_sdk.a(interface.o)
                0x00004abc                interface_recv_async
 .text.interface_bus_activity_timer_callback
                0x00004b24       0x58 ../src/ASF/thirdparty/wireless/ble_sdk/lib/cm0p/gcc\libble_sdk.a(interface.o)
 .text.interface_handle_received_data
                0x00004b7c      0x28c ../src/ASF/thirdparty/wireless/ble_sdk/lib/cm0p/gcc\libble_sdk.a(interface.o)
                0x00004b7c                interface_handle_received_data
 .text.interface_send_sync
                0x00004e08       0x4c ../src/ASF/thirdparty/wireless/ble_sdk/lib/cm0p/gcc\libble_sdk.a(interface.o)
                0x00004e08                interface_send_sync
 .text.interface_init
                0x00004e54      0x154 ../src/ASF/thirdparty/wireless/ble_sdk/lib/cm0p/gcc\libble_sdk.a(interface.o)
                0x00004e54                interface_init
 .text.interface_event_timeout_start_timer
                0x00004fa8       0x24 ../src/ASF/thirdparty/wireless/ble_sdk/lib/cm0p/gcc\libble_sdk.a(interface.o)
                0x00004fa8                interface_event_timeout_start_timer
 .text.interface_event_timeout_stop_timer
                0x00004fcc       0x14 ../src/ASF/thirdparty/wireless/ble_sdk/lib/cm0p/gcc\libble_sdk.a(interface.o)
                0x00004fcc                interface_event_timeout_stop_timer
 .text.interface_cmd_cmpl_timeout_start_timer
                0x00004fe0       0x24 ../src/ASF/thirdparty/wireless/ble_sdk/lib/cm0p/gcc\libble_sdk.a(interface.o)
                0x00004fe0                interface_cmd_cmpl_timeout_start_timer
 .text.interface_cmd_cmpl_timeout_stop_timer
                0x00005004       0x14 ../src/ASF/thirdparty/wireless/ble_sdk/lib/cm0p/gcc\libble_sdk.a(interface.o)
                0x00005004                interface_cmd_cmpl_timeout_stop_timer
 .text.interface_cmd_cmpl_signal
                0x00005018        0xc ../src/ASF/thirdparty/wireless/ble_sdk/lib/cm0p/gcc\libble_sdk.a(interface.o)
                0x00005018                interface_cmd_cmpl_signal
 .text.interface_event_wait
                0x00005024       0x48 ../src/ASF/thirdparty/wireless/ble_sdk/lib/cm0p/gcc\libble_sdk.a(interface.o)
                0x00005024                interface_event_wait
 .text.interface_cmd_cmpl_wait
                0x0000506c       0x44 ../src/ASF/thirdparty/wireless/ble_sdk/lib/cm0p/gcc\libble_sdk.a(interface.o)
                0x0000506c                interface_cmd_cmpl_wait
 .text.l2cc_data_send_rsp_handler
                0x000050b0       0x2c ../src/ASF/thirdparty/wireless/ble_sdk/lib/cm0p/gcc\libble_sdk.a(l2cc_task.o)
                0x000050b0                l2cc_data_send_rsp_handler
 .text.l2cc_data_received_handler
                0x000050dc       0x30 ../src/ASF/thirdparty/wireless/ble_sdk/lib/cm0p/gcc\libble_sdk.a(l2cc_task.o)
                0x000050dc                l2cc_data_received_handler
 .text.check_enc_process.isra.0
                0x0000510c       0xa8 ../src/ASF/thirdparty/wireless/ble_sdk/lib/cm0p/gcc\libble_sdk.a(security.o)
 .text.at_ble_authenticate
                0x000051b4      0x20c ../src/ASF/thirdparty/wireless/ble_sdk/lib/cm0p/gcc\libble_sdk.a(security.o)
                0x000051b4                at_ble_authenticate
 .text.at_ble_pair_key_reply
                0x000053c0       0xa8 ../src/ASF/thirdparty/wireless/ble_sdk/lib/cm0p/gcc\libble_sdk.a(security.o)
                0x000053c0                at_ble_pair_key_reply
 .text.at_ble_send_slave_sec_request
                0x00005468       0x84 ../src/ASF/thirdparty/wireless/ble_sdk/lib/cm0p/gcc\libble_sdk.a(security.o)
                0x00005468                at_ble_send_slave_sec_request
 .text.at_ble_encryption_start
                0x000054ec       0xc4 ../src/ASF/thirdparty/wireless/ble_sdk/lib/cm0p/gcc\libble_sdk.a(security.o)
                0x000054ec                at_ble_encryption_start
 .text.at_ble_encryption_request_reply
                0x000055b0       0x74 ../src/ASF/thirdparty/wireless/ble_sdk/lib/cm0p/gcc\libble_sdk.a(security.o)
                0x000055b0                at_ble_encryption_request_reply
 .text.patchFuncAndVars
                0x00005624      0x15c ../src/ASF/thirdparty/wireless/ble_sdk/lib/cm0p/gcc\libble_sdk.a(patch_mem_words.o)
                0x00005624                patchFuncAndVars
 .text.__printingNullFun
                0x00005780        0x8 ../src/ASF/thirdparty/wireless/ble_sdk/lib/cm0p/gcc\libble_sdk.a(dbg_logs.o)
 .text.dbg_le_set_bd_addr_req_handler
                0x00005788       0x6c ../src/ASF/thirdparty/wireless/ble_sdk/lib/cm0p/gcc\libble_sdk.a(dbg_task.o)
                0x00005788                dbg_le_set_bd_addr_req_handler
 .text.gapc_get_dev_info_cfm.constprop.1
                0x000057f4       0xd8 ../src/ASF/thirdparty/wireless/ble_sdk/lib/cm0p/gcc\libble_sdk.a(gapc_task.o)
 .text.check_ConnData_idx_role
                0x000058cc       0x3c ../src/ASF/thirdparty/wireless/ble_sdk/lib/cm0p/gcc\libble_sdk.a(gapc_task.o)
                0x000058cc                check_ConnData_idx_role
 .text.check_ConnData_emptyEntry
                0x00005908       0x28 ../src/ASF/thirdparty/wireless/ble_sdk/lib/cm0p/gcc\libble_sdk.a(gapc_task.o)
                0x00005908                check_ConnData_emptyEntry
 .text.gapc_cmp_evt
                0x00005930      0x170 ../src/ASF/thirdparty/wireless/ble_sdk/lib/cm0p/gcc\libble_sdk.a(gapc_task.o)
                0x00005930                gapc_cmp_evt
 .text.gapc_connection_cfm_handler
                0x00005aa0       0xbc ../src/ASF/thirdparty/wireless/ble_sdk/lib/cm0p/gcc\libble_sdk.a(gapc_task.o)
                0x00005aa0                gapc_connection_cfm_handler
 .text.gapc_con_req_ind
                0x00005b5c       0xe0 ../src/ASF/thirdparty/wireless/ble_sdk/lib/cm0p/gcc\libble_sdk.a(gapc_task.o)
                0x00005b5c                gapc_con_req_ind
 .text.gapc_disconnect_cmd_handler
                0x00005c3c       0x48 ../src/ASF/thirdparty/wireless/ble_sdk/lib/cm0p/gcc\libble_sdk.a(gapc_task.o)
                0x00005c3c                gapc_disconnect_cmd_handler
 .text.gapc_disconnect_ind
                0x00005c84       0x38 ../src/ASF/thirdparty/wireless/ble_sdk/lib/cm0p/gcc\libble_sdk.a(gapc_task.o)
                0x00005c84                gapc_disconnect_ind
 .text.gapc_bond_cmd_handler
                0x00005cbc       0x70 ../src/ASF/thirdparty/wireless/ble_sdk/lib/cm0p/gcc\libble_sdk.a(gapc_task.o)
                0x00005cbc                gapc_bond_cmd_handler
 .text.gapc_bond_ind
                0x00005d2c       0xd8 ../src/ASF/thirdparty/wireless/ble_sdk/lib/cm0p/gcc\libble_sdk.a(gapc_task.o)
                0x00005d2c                gapc_bond_ind
 .text.gapc_bond_req_ind
                0x00005e04       0xe8 ../src/ASF/thirdparty/wireless/ble_sdk/lib/cm0p/gcc\libble_sdk.a(gapc_task.o)
                0x00005e04                gapc_bond_req_ind
 .text.gapc_bond_cfm_handler_pair_resp
                0x00005eec       0x84 ../src/ASF/thirdparty/wireless/ble_sdk/lib/cm0p/gcc\libble_sdk.a(gapc_task.o)
                0x00005eec                gapc_bond_cfm_handler_pair_resp
 .text.gapc_bond_cfm_handler_key_exch
                0x00005f70       0x58 ../src/ASF/thirdparty/wireless/ble_sdk/lib/cm0p/gcc\libble_sdk.a(gapc_task.o)
                0x00005f70                gapc_bond_cfm_handler_key_exch
 .text.gapc_security_cmd_handler
                0x00005fc8       0x48 ../src/ASF/thirdparty/wireless/ble_sdk/lib/cm0p/gcc\libble_sdk.a(gapc_task.o)
                0x00005fc8                gapc_security_cmd_handler
 .text.gapc_encrypt_cmd_handler
                0x00006010       0x9c ../src/ASF/thirdparty/wireless/ble_sdk/lib/cm0p/gcc\libble_sdk.a(gapc_task.o)
                0x00006010                gapc_encrypt_cmd_handler
 .text.gapc_encrypt_req_ind
                0x000060ac       0x20 ../src/ASF/thirdparty/wireless/ble_sdk/lib/cm0p/gcc\libble_sdk.a(gapc_task.o)
                0x000060ac                gapc_encrypt_req_ind
 .text.gapc_encrypt_cfm_handler
                0x000060cc       0x84 ../src/ASF/thirdparty/wireless/ble_sdk/lib/cm0p/gcc\libble_sdk.a(gapc_task.o)
                0x000060cc                gapc_encrypt_cfm_handler
 .text.gapc_encrypt_ind
                0x00006150        0xe ../src/ASF/thirdparty/wireless/ble_sdk/lib/cm0p/gcc\libble_sdk.a(gapc_task.o)
                0x00006150                gapc_encrypt_ind
 *fill*         0x0000615e        0x2 
 .text.gapc_param_update_cfm_handler
                0x00006160       0x50 ../src/ASF/thirdparty/wireless/ble_sdk/lib/cm0p/gcc\libble_sdk.a(gapc_task.o)
                0x00006160                gapc_param_update_cfm_handler
 .text.gapc_param_updated_ind
                0x000061b0       0x2a ../src/ASF/thirdparty/wireless/ble_sdk/lib/cm0p/gcc\libble_sdk.a(gapc_task.o)
                0x000061b0                gapc_param_updated_ind
 .text.gapc_param_updated_req_ind
                0x000061da       0x30 ../src/ASF/thirdparty/wireless/ble_sdk/lib/cm0p/gcc\libble_sdk.a(gapc_task.o)
                0x000061da                gapc_param_updated_req_ind
 *fill*         0x0000620a        0x2 
 .text.gapc_dev_info_req_ind_handler
                0x0000620c       0x58 ../src/ASF/thirdparty/wireless/ble_sdk/lib/cm0p/gcc\libble_sdk.a(gapc_task.o)
                0x0000620c                gapc_dev_info_req_ind_handler
 .text.gapc_sec_req_ind
                0x00006264       0x16 ../src/ASF/thirdparty/wireless/ble_sdk/lib/cm0p/gcc\libble_sdk.a(gapc_task.o)
                0x00006264                gapc_sec_req_ind
 .text.gapc_sign_counter_ind_handler
                0x0000627a       0x34 ../src/ASF/thirdparty/wireless/ble_sdk/lib/cm0p/gcc\libble_sdk.a(gapc_task.o)
                0x0000627a                gapc_sign_counter_ind_handler
 *fill*         0x000062ae        0x2 
 .text.gapc_peer_att_info_ind_handler
                0x000062b0       0x7c ../src/ASF/thirdparty/wireless/ble_sdk/lib/cm0p/gcc\libble_sdk.a(gapc_task.o)
                0x000062b0                gapc_peer_att_info_ind_handler
 .text.gapc_con_channel_map_ind_handler
                0x0000632c       0x18 ../src/ASF/thirdparty/wireless/ble_sdk/lib/cm0p/gcc\libble_sdk.a(gapc_task.o)
                0x0000632c                gapc_con_channel_map_ind_handler
 .text.gapc_lecb_connected
                0x00006344       0x2e ../src/ASF/thirdparty/wireless/ble_sdk/lib/cm0p/gcc\libble_sdk.a(gapc_task.o)
                0x00006344                gapc_lecb_connected
 .text.gapc_lecb_disconnected
                0x00006372       0x16 ../src/ASF/thirdparty/wireless/ble_sdk/lib/cm0p/gcc\libble_sdk.a(gapc_task.o)
                0x00006372                gapc_lecb_disconnected
 .text.gapc_lecb_connect_req_ind
                0x00006388       0x2a ../src/ASF/thirdparty/wireless/ble_sdk/lib/cm0p/gcc\libble_sdk.a(gapc_task.o)
                0x00006388                gapc_lecb_connect_req_ind
 .text.gapc_lecb_add_credit_resp_handler
                0x000063b2       0x20 ../src/ASF/thirdparty/wireless/ble_sdk/lib/cm0p/gcc\libble_sdk.a(gapc_task.o)
                0x000063b2                gapc_lecb_add_credit_resp_handler
 *fill*         0x000063d2        0x2 
 .text.gapm_reset_req_handler
                0x000063d4       0x90 ../src/ASF/thirdparty/wireless/ble_sdk/lib/cm0p/gcc\libble_sdk.a(gapm_task.o)
                0x000063d4                gapm_reset_req_handler
 .text.gapm_set_dev_config_cmd_handler
                0x00006464      0x124 ../src/ASF/thirdparty/wireless/ble_sdk/lib/cm0p/gcc\libble_sdk.a(gapm_task.o)
                0x00006464                gapm_set_dev_config_cmd_handler
 .text.gapm_get_dev_config_cmd_handler
                0x00006588       0xd8 ../src/ASF/thirdparty/wireless/ble_sdk/lib/cm0p/gcc\libble_sdk.a(gapm_task.o)
                0x00006588                gapm_get_dev_config_cmd_handler
 .text.gapm_cancel_cmd_handler
                0x00006660       0x64 ../src/ASF/thirdparty/wireless/ble_sdk/lib/cm0p/gcc\libble_sdk.a(gapm_task.o)
                0x00006660                gapm_cancel_cmd_handler
 .text.gapm_dev_bdaddr_ind_handler
                0x000066c4       0x1c ../src/ASF/thirdparty/wireless/ble_sdk/lib/cm0p/gcc\libble_sdk.a(gapm_task.o)
                0x000066c4                gapm_dev_bdaddr_ind_handler
 .text.gapm_cmp_evt
                0x000066e0      0x174 ../src/ASF/thirdparty/wireless/ble_sdk/lib/cm0p/gcc\libble_sdk.a(gapm_task.o)
                0x000066e0                gapm_cmp_evt
 .text.gapm_start_adv_cmd_handler
                0x00006854      0x114 ../src/ASF/thirdparty/wireless/ble_sdk/lib/cm0p/gcc\libble_sdk.a(gapm_task.o)
                0x00006854                gapm_start_adv_cmd_handler
 .text.get_gap_local_addr_type
                0x00006968       0x18 ../src/ASF/thirdparty/wireless/ble_sdk/lib/cm0p/gcc\libble_sdk.a(gapm_task.o)
                0x00006968                get_gap_local_addr_type
 .text.gapm_adv_report_evt_handler
                0x00006980       0x88 ../src/ASF/thirdparty/wireless/ble_sdk/lib/cm0p/gcc\libble_sdk.a(gapm_task.o)
                0x00006980                gapm_adv_report_evt_handler
 .text.gapm_resolv_addr_cmd_handler
                0x00006a08       0x70 ../src/ASF/thirdparty/wireless/ble_sdk/lib/cm0p/gcc\libble_sdk.a(gapm_task.o)
                0x00006a08                gapm_resolv_addr_cmd_handler
 .text.gapm_addr_solved_ind_handler
                0x00006a78       0x24 ../src/ASF/thirdparty/wireless/ble_sdk/lib/cm0p/gcc\libble_sdk.a(gapm_task.o)
                0x00006a78                gapm_addr_solved_ind_handler
 .text.gapm_profile_added_ind_handler
                0x00006a9c       0x20 ../src/ASF/thirdparty/wireless/ble_sdk/lib/cm0p/gcc\libble_sdk.a(gapm_task.o)
                0x00006a9c                gapm_profile_added_ind_handler
 .text.gattc_read_req_ind_parser
                0x00006abc        0xc ../src/ASF/thirdparty/wireless/ble_sdk/lib/cm0p/gcc\libble_sdk.a(gattc_task.o)
                0x00006abc                gattc_read_req_ind_parser
 .text.gattc_write_req_ind_parser
                0x00006ac8       0x38 ../src/ASF/thirdparty/wireless/ble_sdk/lib/cm0p/gcc\libble_sdk.a(gattc_task.o)
                0x00006ac8                gattc_write_req_ind_parser
 .text.gattc_att_info_req_parser
                0x00006b00        0xc ../src/ASF/thirdparty/wireless/ble_sdk/lib/cm0p/gcc\libble_sdk.a(gattc_task.o)
                0x00006b00                gattc_att_info_req_parser
 .text.gattc_read_cfm
                0x00006b0c       0x74 ../src/ASF/thirdparty/wireless/ble_sdk/lib/cm0p/gcc\libble_sdk.a(gattc_task.o)
                0x00006b0c                gattc_read_cfm
 .text.gattc_write_cfm
                0x00006b80       0x48 ../src/ASF/thirdparty/wireless/ble_sdk/lib/cm0p/gcc\libble_sdk.a(gattc_task.o)
                0x00006b80                gattc_write_cfm
 .text.gattc_att_info_cfm
                0x00006bc8       0x4c ../src/ASF/thirdparty/wireless/ble_sdk/lib/cm0p/gcc\libble_sdk.a(gattc_task.o)
                0x00006bc8                gattc_att_info_cfm
 .text.gattc_event_cfm_handler
                0x00006c14       0x48 ../src/ASF/thirdparty/wireless/ble_sdk/lib/cm0p/gcc\libble_sdk.a(gattc_task.o)
                0x00006c14                gattc_event_cfm_handler
 .text.gattc_disc_svc_ind_parser
                0x00006c5c       0x3c ../src/ASF/thirdparty/wireless/ble_sdk/lib/cm0p/gcc\libble_sdk.a(gattc_task.o)
                0x00006c5c                gattc_disc_svc_ind_parser
 .text.gattc_disc_svc_incl_ind_parser
                0x00006c98       0x48 ../src/ASF/thirdparty/wireless/ble_sdk/lib/cm0p/gcc\libble_sdk.a(gattc_task.o)
                0x00006c98                gattc_disc_svc_incl_ind_parser
 .text.gattc_disc_char_ind_parser
                0x00006ce0       0x44 ../src/ASF/thirdparty/wireless/ble_sdk/lib/cm0p/gcc\libble_sdk.a(gattc_task.o)
                0x00006ce0                gattc_disc_char_ind_parser
 .text.gattc_disc_char_desc_ind_parser
                0x00006d24       0x34 ../src/ASF/thirdparty/wireless/ble_sdk/lib/cm0p/gcc\libble_sdk.a(gattc_task.o)
                0x00006d24                gattc_disc_char_desc_ind_parser
 .text.gattc_event_ind_and_notification_parser
                0x00006d58       0x54 ../src/ASF/thirdparty/wireless/ble_sdk/lib/cm0p/gcc\libble_sdk.a(gattc_task.o)
                0x00006d58                gattc_event_ind_and_notification_parser
 .text.gattc_complete_evt_handler
                0x00006dac       0xd0 ../src/ASF/thirdparty/wireless/ble_sdk/lib/cm0p/gcc\libble_sdk.a(gattc_task.o)
                0x00006dac                gattc_complete_evt_handler
 .text.gattc_event_mtu_changed_ind_parser
                0x00006e7c       0x10 ../src/ASF/thirdparty/wireless/ble_sdk/lib/cm0p/gcc\libble_sdk.a(gattc_task.o)
                0x00006e7c                gattc_event_mtu_changed_ind_parser
 .text.gattc_read_ind_parser
                0x00006e8c       0x40 ../src/ASF/thirdparty/wireless/ble_sdk/lib/cm0p/gcc\libble_sdk.a(gattc_task.o)
                0x00006e8c                gattc_read_ind_parser
 .text.gattc_svc_changed_cfg_ind_parser
                0x00006ecc       0x10 ../src/ASF/thirdparty/wireless/ble_sdk/lib/cm0p/gcc\libble_sdk.a(gattc_task.o)
                0x00006ecc                gattc_svc_changed_cfg_ind_parser
 .text.gattm_att_set_value_req_handler
                0x00006edc       0x88 ../src/ASF/thirdparty/wireless/ble_sdk/lib/cm0p/gcc\libble_sdk.a(gattm_task.o)
                0x00006edc                gattm_att_set_value_req_handler
 .text.gattm_att_get_value_req_handler
                0x00006f64       0x8c ../src/ASF/thirdparty/wireless/ble_sdk/lib/cm0p/gcc\libble_sdk.a(gattm_task.o)
                0x00006f64                gattm_att_get_value_req_handler
 .text.htpt_enable_rsp_handler
                0x00006ff0        0xa ../src/ASF/thirdparty/wireless/ble_sdk/lib/cm0p/gcc\libble_sdk.a(htpt_task.o)
                0x00006ff0                htpt_enable_rsp_handler
 .text.htpt_temp_send_rsp_handler
                0x00006ffa        0x6 ../src/ASF/thirdparty/wireless/ble_sdk/lib/cm0p/gcc\libble_sdk.a(htpt_task.o)
                0x00006ffa                htpt_temp_send_rsp_handler
 .text.htpt_meas_intv_upd_rsp_handler
                0x00007000        0x6 ../src/ASF/thirdparty/wireless/ble_sdk/lib/cm0p/gcc\libble_sdk.a(htpt_task.o)
                0x00007000                htpt_meas_intv_upd_rsp_handler
 .text.htpt_meas_intv_chg_req_ind_handler
                0x00007006        0xc ../src/ASF/thirdparty/wireless/ble_sdk/lib/cm0p/gcc\libble_sdk.a(htpt_task.o)
                0x00007006                htpt_meas_intv_chg_req_ind_handler
 .text.htpt_cfg_indntf_ind_handler
                0x00007012        0xa ../src/ASF/thirdparty/wireless/ble_sdk/lib/cm0p/gcc\libble_sdk.a(htpt_task.o)
                0x00007012                htpt_cfg_indntf_ind_handler
 .text.write_32_to_BTLC1000
                0x0000701c       0x34 ../src/ASF/thirdparty/wireless/ble_sdk/lib/cm0p/gcc\libble_sdk.a(at_ble_patch.o)
                0x0000701c                write_32_to_BTLC1000
 .text.patch_init
                0x00007050      0x134 ../src/ASF/thirdparty/wireless/ble_sdk/lib/cm0p/gcc\libble_sdk.a(at_ble_patch.o)
                0x00007050                patch_init
 .text.fifo_init
                0x00007184       0x20 ../src/ASF/thirdparty/wireless/ble_sdk/lib/cm0p/gcc\libble_sdk.a(fifo.o)
                0x00007184                fifo_init
 .text.fifo_empty
                0x000071a4        0xe ../src/ASF/thirdparty/wireless/ble_sdk/lib/cm0p/gcc\libble_sdk.a(fifo.o)
                0x000071a4                fifo_empty
 .text.fifo_full
                0x000071b2       0x12 ../src/ASF/thirdparty/wireless/ble_sdk/lib/cm0p/gcc\libble_sdk.a(fifo.o)
                0x000071b2                fifo_full
 .text.fifo_get
                0x000071c4       0x22 ../src/ASF/thirdparty/wireless/ble_sdk/lib/cm0p/gcc\libble_sdk.a(fifo.o)
                0x000071c4                fifo_get
 *fill*         0x000071e6        0x2 
 .text.fifo_put
                0x000071e8       0x28 ../src/ASF/thirdparty/wireless/ble_sdk/lib/cm0p/gcc\libble_sdk.a(fifo.o)
                0x000071e8                fifo_put
 .text          0x00007210       0x14 c:/program files (x86)/atmel/studio/7.0/toolchain/arm/arm-gnu-toolchain/bin/../lib/gcc/arm-none-eabi/4.9.3/armv6-m\libgcc.a(_thumb1_case_sqi.o)
                0x00007210                __gnu_thumb1_case_sqi
 .text          0x00007224       0x14 c:/program files (x86)/atmel/studio/7.0/toolchain/arm/arm-gnu-toolchain/bin/../lib/gcc/arm-none-eabi/4.9.3/armv6-m\libgcc.a(_thumb1_case_uqi.o)
                0x00007224                __gnu_thumb1_case_uqi
 .text          0x00007238      0x120 c:/program files (x86)/atmel/studio/7.0/toolchain/arm/arm-gnu-toolchain/bin/../lib/gcc/arm-none-eabi/4.9.3/armv6-m\libgcc.a(_udivsi3.o)
                0x00007238                __aeabi_uidiv
                0x00007238                __udivsi3
                0x00007344                __aeabi_uidivmod
 .text          0x00007358        0x4 c:/program files (x86)/atmel/studio/7.0/toolchain/arm/arm-gnu-toolchain/bin/../lib/gcc/arm-none-eabi/4.9.3/armv6-m\libgcc.a(_dvmd_tls.o)
                0x00007358                __aeabi_idiv0
                0x00007358                __aeabi_ldiv0
 .text          0x0000735c       0x54 c:/program files (x86)/atmel/studio/7.0/toolchain/arm/arm-gnu-toolchain/bin/../lib/gcc/arm-none-eabi/4.9.3/armv6-m\libgcc.a(_muldi3.o)
                0x0000735c                __muldi3
                0x0000735c                __aeabi_lmul
 .text.__libc_init_array
                0x000073b0       0x4c c:/program files (x86)/atmel/studio/7.0/toolchain/arm/arm-gnu-toolchain/bin/../lib/gcc/arm-none-eabi/4.9.3/../../../../arm-none-eabi/lib/armv6-m\libc_nano.a(lib_a-init.o)
                0x000073b0                __libc_init_array
 .text.memcmp   0x000073fc       0x1e c:/program files (x86)/atmel/studio/7.0/toolchain/arm/arm-gnu-toolchain/bin/../lib/gcc/arm-none-eabi/4.9.3/../../../../arm-none-eabi/lib/armv6-m\libc_nano.a(lib_a-memcmp.o)
                0x000073fc                memcmp
 .text.memcpy   0x0000741a       0x12 c:/program files (x86)/atmel/studio/7.0/toolchain/arm/arm-gnu-toolchain/bin/../lib/gcc/arm-none-eabi/4.9.3/../../../../arm-none-eabi/lib/armv6-m\libc_nano.a(lib_a-memcpy.o)
                0x0000741a                memcpy
 .text.memset   0x0000742c       0x10 c:/program files (x86)/atmel/studio/7.0/toolchain/arm/arm-gnu-toolchain/bin/../lib/gcc/arm-none-eabi/4.9.3/../../../../arm-none-eabi/lib/armv6-m\libc_nano.a(lib_a-memset.o)
                0x0000742c                memset
 .text.printf   0x0000743c       0x34 c:/program files (x86)/atmel/studio/7.0/toolchain/arm/arm-gnu-toolchain/bin/../lib/gcc/arm-none-eabi/4.9.3/../../../../arm-none-eabi/lib/armv6-m\libc_nano.a(lib_a-printf.o)
                0x0000743c                iprintf
                0x0000743c                printf
 .text.putchar  0x00007470       0x28 c:/program files (x86)/atmel/studio/7.0/toolchain/arm/arm-gnu-toolchain/bin/../lib/gcc/arm-none-eabi/4.9.3/../../../../arm-none-eabi/lib/armv6-m\libc_nano.a(lib_a-putchar.o)
                0x00007470                putchar
 .text._puts_r  0x00007498       0xc2 c:/program files (x86)/atmel/studio/7.0/toolchain/arm/arm-gnu-toolchain/bin/../lib/gcc/arm-none-eabi/4.9.3/../../../../arm-none-eabi/lib/armv6-m\libc_nano.a(lib_a-puts.o)
                0x00007498                _puts_r
 *fill*         0x0000755a        0x2 
 .text.puts     0x0000755c       0x14 c:/program files (x86)/atmel/studio/7.0/toolchain/arm/arm-gnu-toolchain/bin/../lib/gcc/arm-none-eabi/4.9.3/../../../../arm-none-eabi/lib/armv6-m\libc_nano.a(lib_a-puts.o)
                0x0000755c                puts
 .text.rand     0x00007570       0x78 c:/program files (x86)/atmel/studio/7.0/toolchain/arm/arm-gnu-toolchain/bin/../lib/gcc/arm-none-eabi/4.9.3/../../../../arm-none-eabi/lib/armv6-m\libc_nano.a(lib_a-rand.o)
                0x00007570                rand
 .text.setbuf   0x000075e8       0x12 c:/program files (x86)/atmel/studio/7.0/toolchain/arm/arm-gnu-toolchain/bin/../lib/gcc/arm-none-eabi/4.9.3/../../../../arm-none-eabi/lib/armv6-m\libc_nano.a(lib_a-setbuf.o)
                0x000075e8                setbuf
 *fill*         0x000075fa        0x2 
 .text.setvbuf  0x000075fc      0x10c c:/program files (x86)/atmel/studio/7.0/toolchain/arm/arm-gnu-toolchain/bin/../lib/gcc/arm-none-eabi/4.9.3/../../../../arm-none-eabi/lib/armv6-m\libc_nano.a(lib_a-setvbuf.o)
                0x000075fc                setvbuf
 .text.__swbuf_r
                0x00007708       0xb0 c:/program files (x86)/atmel/studio/7.0/toolchain/arm/arm-gnu-toolchain/bin/../lib/gcc/arm-none-eabi/4.9.3/../../../../arm-none-eabi/lib/armv6-m\libc_nano.a(lib_a-wbuf.o)
                0x00007708                __swbuf_r
 .text.__swsetup_r
                0x000077b8       0xe8 c:/program files (x86)/atmel/studio/7.0/toolchain/arm/arm-gnu-toolchain/bin/../lib/gcc/arm-none-eabi/4.9.3/../../../../arm-none-eabi/lib/armv6-m\libc_nano.a(lib_a-wsetup.o)
                0x000077b8                __swsetup_r
 .text.__sflush_r
                0x000078a0      0x112 c:/program files (x86)/atmel/studio/7.0/toolchain/arm/arm-gnu-toolchain/bin/../lib/gcc/arm-none-eabi/4.9.3/../../../../arm-none-eabi/lib/armv6-m\libc_nano.a(lib_a-fflush.o)
                0x000078a0                __sflush_r
 *fill*         0x000079b2        0x2 
 .text._fflush_r
                0x000079b4       0x58 c:/program files (x86)/atmel/studio/7.0/toolchain/arm/arm-gnu-toolchain/bin/../lib/gcc/arm-none-eabi/4.9.3/../../../../arm-none-eabi/lib/armv6-m\libc_nano.a(lib_a-fflush.o)
                0x000079b4                _fflush_r
 .text._cleanup_r
                0x00007a0c       0x10 c:/program files (x86)/atmel/studio/7.0/toolchain/arm/arm-gnu-toolchain/bin/../lib/gcc/arm-none-eabi/4.9.3/../../../../arm-none-eabi/lib/armv6-m\libc_nano.a(lib_a-findfp.o)
                0x00007a0c                _cleanup_r
 .text.std.isra.0
                0x00007a1c       0x48 c:/program files (x86)/atmel/studio/7.0/toolchain/arm/arm-gnu-toolchain/bin/../lib/gcc/arm-none-eabi/4.9.3/../../../../arm-none-eabi/lib/armv6-m\libc_nano.a(lib_a-findfp.o)
 .text.__sfmoreglue
                0x00007a64       0x2c c:/program files (x86)/atmel/studio/7.0/toolchain/arm/arm-gnu-toolchain/bin/../lib/gcc/arm-none-eabi/4.9.3/../../../../arm-none-eabi/lib/armv6-m\libc_nano.a(lib_a-findfp.o)
                0x00007a64                __sfmoreglue
 .text.__sinit  0x00007a90       0x64 c:/program files (x86)/atmel/studio/7.0/toolchain/arm/arm-gnu-toolchain/bin/../lib/gcc/arm-none-eabi/4.9.3/../../../../arm-none-eabi/lib/armv6-m\libc_nano.a(lib_a-findfp.o)
                0x00007a90                __sinit
 .text.__sfp    0x00007af4       0x7c c:/program files (x86)/atmel/studio/7.0/toolchain/arm/arm-gnu-toolchain/bin/../lib/gcc/arm-none-eabi/4.9.3/../../../../arm-none-eabi/lib/armv6-m\libc_nano.a(lib_a-findfp.o)
                0x00007af4                __sfp
 .text._fwalk_reent
                0x00007b70       0x42 c:/program files (x86)/atmel/studio/7.0/toolchain/arm/arm-gnu-toolchain/bin/../lib/gcc/arm-none-eabi/4.9.3/../../../../arm-none-eabi/lib/armv6-m\libc_nano.a(lib_a-fwalk.o)
                0x00007b70                _fwalk_reent
 *fill*         0x00007bb2        0x2 
 .text.__smakebuf_r
                0x00007bb4       0xb0 c:/program files (x86)/atmel/studio/7.0/toolchain/arm/arm-gnu-toolchain/bin/../lib/gcc/arm-none-eabi/4.9.3/../../../../arm-none-eabi/lib/armv6-m\libc_nano.a(lib_a-makebuf.o)
                0x00007bb4                __smakebuf_r
 .text.malloc   0x00007c64       0x14 c:/program files (x86)/atmel/studio/7.0/toolchain/arm/arm-gnu-toolchain/bin/../lib/gcc/arm-none-eabi/4.9.3/../../../../arm-none-eabi/lib/armv6-m\libc_nano.a(lib_a-malloc.o)
                0x00007c64                malloc
 .text._free_r  0x00007c78       0x8c c:/program files (x86)/atmel/studio/7.0/toolchain/arm/arm-gnu-toolchain/bin/../lib/gcc/arm-none-eabi/4.9.3/../../../../arm-none-eabi/lib/armv6-m\libc_nano.a(lib_a-nano-freer.o)
                0x00007c78                _free_r
 .text._malloc_r
                0x00007d04       0xb0 c:/program files (x86)/atmel/studio/7.0/toolchain/arm/arm-gnu-toolchain/bin/../lib/gcc/arm-none-eabi/4.9.3/../../../../arm-none-eabi/lib/armv6-m\libc_nano.a(lib_a-nano-mallocr.o)
                0x00007d04                _malloc_r
 .text.__sfputc_r
                0x00007db4       0x2a c:/program files (x86)/atmel/studio/7.0/toolchain/arm/arm-gnu-toolchain/bin/../lib/gcc/arm-none-eabi/4.9.3/../../../../arm-none-eabi/lib/armv6-m\libc_nano.a(lib_a-nano-vfprintf.o)
 .text.__sfputs_r
                0x00007dde       0x24 c:/program files (x86)/atmel/studio/7.0/toolchain/arm/arm-gnu-toolchain/bin/../lib/gcc/arm-none-eabi/4.9.3/../../../../arm-none-eabi/lib/armv6-m\libc_nano.a(lib_a-nano-vfprintf.o)
                0x00007dde                __sfputs_r
 *fill*         0x00007e02        0x2 
 .text._vfprintf_r
                0x00007e04      0x220 c:/program files (x86)/atmel/studio/7.0/toolchain/arm/arm-gnu-toolchain/bin/../lib/gcc/arm-none-eabi/4.9.3/../../../../arm-none-eabi/lib/armv6-m\libc_nano.a(lib_a-nano-vfprintf.o)
                0x00007e04                _vfprintf_r
                0x00007e04                _vfiprintf_r
 .text._printf_common
                0x00008024       0xdc c:/program files (x86)/atmel/studio/7.0/toolchain/arm/arm-gnu-toolchain/bin/../lib/gcc/arm-none-eabi/4.9.3/../../../../arm-none-eabi/lib/armv6-m\libc_nano.a(lib_a-nano-vfprintf_i.o)
                0x00008024                _printf_common
 .text._printf_i
                0x00008100      0x230 c:/program files (x86)/atmel/studio/7.0/toolchain/arm/arm-gnu-toolchain/bin/../lib/gcc/arm-none-eabi/4.9.3/../../../../arm-none-eabi/lib/armv6-m\libc_nano.a(lib_a-nano-vfprintf_i.o)
                0x00008100                _printf_i
 .text._putc_r  0x00008330       0x78 c:/program files (x86)/atmel/studio/7.0/toolchain/arm/arm-gnu-toolchain/bin/../lib/gcc/arm-none-eabi/4.9.3/../../../../arm-none-eabi/lib/armv6-m\libc_nano.a(lib_a-putc.o)
                0x00008330                _putc_r
 .text._sbrk_r  0x000083a8       0x24 c:/program files (x86)/atmel/studio/7.0/toolchain/arm/arm-gnu-toolchain/bin/../lib/gcc/arm-none-eabi/4.9.3/../../../../arm-none-eabi/lib/armv6-m\libc_nano.a(lib_a-sbrkr.o)
                0x000083a8                _sbrk_r
 .text.__sread  0x000083cc       0x28 c:/program files (x86)/atmel/studio/7.0/toolchain/arm/arm-gnu-toolchain/bin/../lib/gcc/arm-none-eabi/4.9.3/../../../../arm-none-eabi/lib/armv6-m\libc_nano.a(lib_a-stdio.o)
                0x000083cc                __sread
 .text.__swrite
                0x000083f4       0x38 c:/program files (x86)/atmel/studio/7.0/toolchain/arm/arm-gnu-toolchain/bin/../lib/gcc/arm-none-eabi/4.9.3/../../../../arm-none-eabi/lib/armv6-m\libc_nano.a(lib_a-stdio.o)
                0x000083f4                __swrite
 .text.__sseek  0x0000842c       0x2c c:/program files (x86)/atmel/studio/7.0/toolchain/arm/arm-gnu-toolchain/bin/../lib/gcc/arm-none-eabi/4.9.3/../../../../arm-none-eabi/lib/armv6-m\libc_nano.a(lib_a-stdio.o)
                0x0000842c                __sseek
 .text.__sclose
                0x00008458        0xc c:/program files (x86)/atmel/studio/7.0/toolchain/arm/arm-gnu-toolchain/bin/../lib/gcc/arm-none-eabi/4.9.3/../../../../arm-none-eabi/lib/armv6-m\libc_nano.a(lib_a-stdio.o)
                0x00008458                __sclose
 .text._write_r
                0x00008464       0x28 c:/program files (x86)/atmel/studio/7.0/toolchain/arm/arm-gnu-toolchain/bin/../lib/gcc/arm-none-eabi/4.9.3/../../../../arm-none-eabi/lib/armv6-m\libc_nano.a(lib_a-writer.o)
                0x00008464                _write_r
 .text._close_r
                0x0000848c       0x24 c:/program files (x86)/atmel/studio/7.0/toolchain/arm/arm-gnu-toolchain/bin/../lib/gcc/arm-none-eabi/4.9.3/../../../../arm-none-eabi/lib/armv6-m\libc_nano.a(lib_a-closer.o)
                0x0000848c                _close_r
 .text._fstat_r
                0x000084b0       0x24 c:/program files (x86)/atmel/studio/7.0/toolchain/arm/arm-gnu-toolchain/bin/../lib/gcc/arm-none-eabi/4.9.3/../../../../arm-none-eabi/lib/armv6-m\libc_nano.a(lib_a-fstatr.o)
                0x000084b0                _fstat_r
 .text._isatty_r
                0x000084d4       0x24 c:/program files (x86)/atmel/studio/7.0/toolchain/arm/arm-gnu-toolchain/bin/../lib/gcc/arm-none-eabi/4.9.3/../../../../arm-none-eabi/lib/armv6-m\libc_nano.a(lib_a-isattyr.o)
                0x000084d4                _isatty_r
 .text._lseek_r
                0x000084f8       0x28 c:/program files (x86)/atmel/studio/7.0/toolchain/arm/arm-gnu-toolchain/bin/../lib/gcc/arm-none-eabi/4.9.3/../../../../arm-none-eabi/lib/armv6-m\libc_nano.a(lib_a-lseekr.o)
                0x000084f8                _lseek_r
 .text.memchr   0x00008520       0x16 c:/program files (x86)/atmel/studio/7.0/toolchain/arm/arm-gnu-toolchain/bin/../lib/gcc/arm-none-eabi/4.9.3/../../../../arm-none-eabi/lib/armv6-m\libc_nano.a(lib_a-memchr.o)
                0x00008520                memchr
 *fill*         0x00008536        0x2 
 .text._read_r  0x00008538       0x28 c:/program files (x86)/atmel/studio/7.0/toolchain/arm/arm-gnu-toolchain/bin/../lib/gcc/arm-none-eabi/4.9.3/../../../../arm-none-eabi/lib/armv6-m\libc_nano.a(lib_a-readr.o)
                0x00008538                _read_r
 *(.glue_7t)
 .glue_7t       0x00000000        0x0 linker stubs
 *(.glue_7)
 .glue_7        0x00000000        0x0 linker stubs
 *(.rodata .rodata* .gnu.linkonce.r.*)
 .rodata        0x00008560       0x18 src/ASF/sam0/drivers/sercom/sercom.o
 .rodata        0x00008578        0x6 src/ASF/sam0/drivers/sercom/sercom_interrupt.o
 *fill*         0x0000857e        0x2 
 .rodata.system_clock_source_get_hz
                0x00008580       0x24 src/ASF/sam0/drivers/system/clock/clock_saml21/clock.o
 .rodata.system_clock_source_enable
                0x000085a4       0x24 src/ASF/sam0/drivers/system/clock/clock_saml21/clock.o
 .rodata.system_clock_source_disable
                0x000085c8       0x24 src/ASF/sam0/drivers/system/clock/clock_saml21/clock.o
 .rodata.tc_init
                0x000085ec       0x28 src/ASF/sam0/drivers/tc/tc_sam_l_c/tc.o
 .rodata        0x00008614       0x44 src/ASF/sam0/drivers/tc/tc_sam_l_c/tc.o
 .rodata.ble_disconnected_state_handler
                0x00008658       0x20 src/ASF/thirdparty/wireless/ble_sdk/ble_services/ble_mgr/ble_manager.o
 .rodata.ble_mgr_events_callback_handler
                0x00008678       0x1c src/ASF/thirdparty/wireless/ble_sdk/ble_services/ble_mgr/ble_manager.o
 .rodata.ble_event_manager
                0x00008694       0xec src/ASF/thirdparty/wireless/ble_sdk/ble_services/ble_mgr/ble_manager.o
 .rodata        0x00008780       0x19 src/ASF/thirdparty/wireless/ble_sdk/ble_services/ble_mgr/ble_manager.o
 *fill*         0x00008799        0x3 
 .rodata.ble_mgr_gatt_server_handle
                0x0000879c       0x28 src/ASF/thirdparty/wireless/ble_sdk/ble_services/ble_mgr/ble_manager.o
 .rodata.ble_mgr_gap_handle
                0x000087c4       0x4c src/ASF/thirdparty/wireless/ble_sdk/ble_services/ble_mgr/ble_manager.o
 .rodata.str1.4
                0x00008810      0x61a src/ASF/thirdparty/wireless/ble_sdk/ble_services/ble_mgr/ble_manager.o
 *fill*         0x00008e2a        0x2 
 .rodata.tc_interrupt_vectors.14144
                0x00008e2c        0x5 src/ASF/thirdparty/wireless/ble_sdk/services/timer/sam0/timer_hw.o
 *fill*         0x00008e31        0x3 
 .rodata.startup_template_app_gap_cb
                0x00008e34       0x4c src/startup_template.o
 .rodata.startup_template_app_gatt_server_cb
                0x00008e80       0x28 src/startup_template.o
 .rodata.str1.4
                0x00008ea8       0x5c src/startup_template.o
                                 0x5d (size before relaxing)
 .rodata.__FUNCTION__.7971
                0x00008f04       0x11 ../src/ASF/thirdparty/wireless/ble_sdk/lib/cm0p/gcc\libble_sdk.a(event.o)
 .rodata.str1.1
                0x00008f15       0x6e ../src/ASF/thirdparty/wireless/ble_sdk/lib/cm0p/gcc\libble_sdk.a(event.o)
 .rodata        0x00008f83        0xb ../src/ASF/thirdparty/wireless/ble_sdk/lib/cm0p/gcc\libble_sdk.a(gap.o)
 .rodata.__FUNCTION__.7955
                0x00008f8e       0x16 ../src/ASF/thirdparty/wireless/ble_sdk/lib/cm0p/gcc\libble_sdk.a(gap.o)
 .rodata.__FUNCTION__.8096
                0x00008fa4       0x19 ../src/ASF/thirdparty/wireless/ble_sdk/lib/cm0p/gcc\libble_sdk.a(gap.o)
 .rodata.CSWTCH.64
                0x00008fbd        0xf ../src/ASF/thirdparty/wireless/ble_sdk/lib/cm0p/gcc\libble_sdk.a(gap.o)
 .rodata.str1.1
                0x00008fcc      0x251 ../src/ASF/thirdparty/wireless/ble_sdk/lib/cm0p/gcc\libble_sdk.a(gap.o)
                                0x276 (size before relaxing)
 .rodata.__FUNCTION__.7934
                0x0000921d       0x17 ../src/ASF/thirdparty/wireless/ble_sdk/lib/cm0p/gcc\libble_sdk.a(gap.o)
 .rodata.__FUNCTION__.7888
                0x00009234        0xc ../src/ASF/thirdparty/wireless/ble_sdk/lib/cm0p/gcc\libble_sdk.a(gap.o)
 .rodata.interface_send_msg
                0x00009240        0x4 ../src/ASF/thirdparty/wireless/ble_sdk/lib/cm0p/gcc\libble_sdk.a(interface.o)
                0x00009240                interface_send_msg
 .rodata.str1.1
                0x00009244        0x4 ../src/ASF/thirdparty/wireless/ble_sdk/lib/cm0p/gcc\libble_sdk.a(interface.o)
 .rodata.dummy_buffer
                0x00009248        0x4 ../src/ASF/thirdparty/wireless/ble_sdk/lib/cm0p/gcc\libble_sdk.a(interface.o)
                0x00009248                dummy_buffer
 .rodata.__FUNCTION__.7900
                0x0000924c       0x20 ../src/ASF/thirdparty/wireless/ble_sdk/lib/cm0p/gcc\libble_sdk.a(security.o)
 .rodata.__FUNCTION__.7856
                0x0000926c       0x16 ../src/ASF/thirdparty/wireless/ble_sdk/lib/cm0p/gcc\libble_sdk.a(security.o)
 .rodata.__FUNCTION__.7866
                0x00009282       0x1e ../src/ASF/thirdparty/wireless/ble_sdk/lib/cm0p/gcc\libble_sdk.a(security.o)
 .rodata.str1.1
                0x000092a0      0x132 ../src/ASF/thirdparty/wireless/ble_sdk/lib/cm0p/gcc\libble_sdk.a(security.o)
                                0x177 (size before relaxing)
 .rodata.__FUNCTION__.7881
                0x000093d2       0x12 ../src/ASF/thirdparty/wireless/ble_sdk/lib/cm0p/gcc\libble_sdk.a(security.o)
 .rodata.__FUNCTION__.7891
                0x000093e4       0x18 ../src/ASF/thirdparty/wireless/ble_sdk/lib/cm0p/gcc\libble_sdk.a(security.o)
 .rodata.__FUNCTION__.7837
                0x000093fc       0x14 ../src/ASF/thirdparty/wireless/ble_sdk/lib/cm0p/gcc\libble_sdk.a(security.o)
 .rodata.__FUNCTION__.7247
                0x00009410        0xd ../src/ASF/thirdparty/wireless/ble_sdk/lib/cm0p/gcc\libble_sdk.a(gapc_task.o)
 .rodata.__FUNCTION__.7476
                0x0000941d       0x1e ../src/ASF/thirdparty/wireless/ble_sdk/lib/cm0p/gcc\libble_sdk.a(gapc_task.o)
 .rodata.str1.1
                0x0000943b       0xf9 ../src/ASF/thirdparty/wireless/ble_sdk/lib/cm0p/gcc\libble_sdk.a(gapc_task.o)
                                0x116 (size before relaxing)
 .rodata.__FUNCTION__.7677
                0x00009534       0x17 ../src/ASF/thirdparty/wireless/ble_sdk/lib/cm0p/gcc\libble_sdk.a(gapm_task.o)
 .rodata.__FUNCTION__.7694
                0x0000954b       0x20 ../src/ASF/thirdparty/wireless/ble_sdk/lib/cm0p/gcc\libble_sdk.a(gapm_task.o)
 .rodata.str1.1
                0x0000956b       0x6b ../src/ASF/thirdparty/wireless/ble_sdk/lib/cm0p/gcc\libble_sdk.a(gapm_task.o)
                                 0x88 (size before relaxing)
 .rodata.__FUNCTION__.7706
                0x000095d6       0x20 ../src/ASF/thirdparty/wireless/ble_sdk/lib/cm0p/gcc\libble_sdk.a(gapm_task.o)
 .rodata.__FUNCTION__.7761
                0x000095f6        0xd ../src/ASF/thirdparty/wireless/ble_sdk/lib/cm0p/gcc\libble_sdk.a(gapm_task.o)
 .rodata.str1.1
                0x00009603       0x5c ../src/ASF/thirdparty/wireless/ble_sdk/lib/cm0p/gcc\libble_sdk.a(gattc_task.o)
                                 0x8f (size before relaxing)
 .rodata.__FUNCTION__.7433
                0x0000965f       0x1b ../src/ASF/thirdparty/wireless/ble_sdk/lib/cm0p/gcc\libble_sdk.a(gattc_task.o)
 .rodata        0x0000967a        0x2 ../src/ASF/thirdparty/wireless/ble_sdk/lib/cm0p/gcc\libble_sdk.a(at_ble_patch.o)
 .rodata.str1.1
                0x00000000        0x4 ../src/ASF/thirdparty/wireless/ble_sdk/lib/cm0p/gcc\libble_sdk.a(at_ble_patch.o)
 .rodata.patch_data
                0x0000967c     0x2bbc ../src/ASF/thirdparty/wireless/ble_sdk/lib/cm0p/gcc\libble_sdk.a(at_ble_patch.o)
 .rodata.str1.1
                0x0000c238        0x2 c:/program files (x86)/atmel/studio/7.0/toolchain/arm/arm-gnu-toolchain/bin/../lib/gcc/arm-none-eabi/4.9.3/../../../../arm-none-eabi/lib/armv6-m\libc_nano.a(lib_a-impure.o)
 *fill*         0x0000c23a        0x2 
 .rodata._global_impure_ptr
                0x0000c23c        0x4 c:/program files (x86)/atmel/studio/7.0/toolchain/arm/arm-gnu-toolchain/bin/../lib/gcc/arm-none-eabi/4.9.3/../../../../arm-none-eabi/lib/armv6-m\libc_nano.a(lib_a-impure.o)
                0x0000c23c                _global_impure_ptr
 .rodata.__sf_fake_stdin
                0x0000c240       0x20 c:/program files (x86)/atmel/studio/7.0/toolchain/arm/arm-gnu-toolchain/bin/../lib/gcc/arm-none-eabi/4.9.3/../../../../arm-none-eabi/lib/armv6-m\libc_nano.a(lib_a-findfp.o)
                0x0000c240                __sf_fake_stdin
 .rodata.__sf_fake_stdout
                0x0000c260       0x20 c:/program files (x86)/atmel/studio/7.0/toolchain/arm/arm-gnu-toolchain/bin/../lib/gcc/arm-none-eabi/4.9.3/../../../../arm-none-eabi/lib/armv6-m\libc_nano.a(lib_a-findfp.o)
                0x0000c260                __sf_fake_stdout
 .rodata.__sf_fake_stderr
                0x0000c280       0x20 c:/program files (x86)/atmel/studio/7.0/toolchain/arm/arm-gnu-toolchain/bin/../lib/gcc/arm-none-eabi/4.9.3/../../../../arm-none-eabi/lib/armv6-m\libc_nano.a(lib_a-findfp.o)
                0x0000c280                __sf_fake_stderr
 .rodata.str1.1
                0x0000c2a0       0x11 c:/program files (x86)/atmel/studio/7.0/toolchain/arm/arm-gnu-toolchain/bin/../lib/gcc/arm-none-eabi/4.9.3/../../../../arm-none-eabi/lib/armv6-m\libc_nano.a(lib_a-nano-vfprintf.o)
 .rodata.str1.1
                0x0000c2b1       0x22 c:/program files (x86)/atmel/studio/7.0/toolchain/arm/arm-gnu-toolchain/bin/../lib/gcc/arm-none-eabi/4.9.3/../../../../arm-none-eabi/lib/armv6-m\libc_nano.a(lib_a-nano-vfprintf_i.o)
 *(.ARM.extab* .gnu.linkonce.armextab.*)
                0x0000c2d4                . = ALIGN (0x4)
 *fill*         0x0000c2d3        0x1 
 *(.init)
 .init          0x0000c2d4        0x4 c:/program files (x86)/atmel/studio/7.0/toolchain/arm/arm-gnu-toolchain/bin/../lib/gcc/arm-none-eabi/4.9.3/armv6-m/crti.o
                0x0000c2d4                _init
 .init          0x0000c2d8        0x8 c:/program files (x86)/atmel/studio/7.0/toolchain/arm/arm-gnu-toolchain/bin/../lib/gcc/arm-none-eabi/4.9.3/armv6-m/crtn.o
                0x0000c2e0                . = ALIGN (0x4)
                0x0000c2e0                __preinit_array_start = .
 *(.preinit_array)
                0x0000c2e0                __preinit_array_end = .
                0x0000c2e0                . = ALIGN (0x4)
                0x0000c2e0                __init_array_start = .
 *(SORT(.init_array.*))
 *(.init_array)
 .init_array    0x0000c2e0        0x4 c:/program files (x86)/atmel/studio/7.0/toolchain/arm/arm-gnu-toolchain/bin/../lib/gcc/arm-none-eabi/4.9.3/armv6-m/crtbegin.o
                0x0000c2e4                __init_array_end = .
                0x0000c2e4                . = ALIGN (0x4)
 *crtbegin.o(.ctors)
 *(EXCLUDE_FILE(*crtend.o) .ctors)
 *(SORT(.ctors.*))
 *crtend.o(.ctors)
                0x0000c2e4                . = ALIGN (0x4)
 *(.fini)
 .fini          0x0000c2e4        0x4 c:/program files (x86)/atmel/studio/7.0/toolchain/arm/arm-gnu-toolchain/bin/../lib/gcc/arm-none-eabi/4.9.3/armv6-m/crti.o
                0x0000c2e4                _fini
 .fini          0x0000c2e8        0x8 c:/program files (x86)/atmel/studio/7.0/toolchain/arm/arm-gnu-toolchain/bin/../lib/gcc/arm-none-eabi/4.9.3/armv6-m/crtn.o
                0x0000c2f0                . = ALIGN (0x4)
                0x0000c2f0                __fini_array_start = .
 *(.fini_array)
 .fini_array    0x0000c2f0        0x4 c:/program files (x86)/atmel/studio/7.0/toolchain/arm/arm-gnu-toolchain/bin/../lib/gcc/arm-none-eabi/4.9.3/armv6-m/crtbegin.o
 *(SORT(.fini_array.*))
                0x0000c2f4                __fini_array_end = .
 *crtbegin.o(.dtors)
 *(EXCLUDE_FILE(*crtend.o) .dtors)
 *(SORT(.dtors.*))
 *crtend.o(.dtors)
                0x0000c2f4                . = ALIGN (0x4)
                0x0000c2f4                _efixed = .
                0x0000c2f4                PROVIDE (__exidx_start, .)

.vfp11_veneer   0x0000c2f4        0x0
 .vfp11_veneer  0x00000000        0x0 linker stubs

.v4_bx          0x0000c2f4        0x0
 .v4_bx         0x00000000        0x0 linker stubs

.iplt           0x0000c2f4        0x0
 .iplt          0x00000000        0x0 c:/program files (x86)/atmel/studio/7.0/toolchain/arm/arm-gnu-toolchain/bin/../lib/gcc/arm-none-eabi/4.9.3/armv6-m/crtbegin.o

.eh_frame       0x0000c2f4        0x0
 .eh_frame      0x0000c2f4        0x0 c:/program files (x86)/atmel/studio/7.0/toolchain/arm/arm-gnu-toolchain/bin/../lib/gcc/arm-none-eabi/4.9.3/armv6-m/crtbegin.o

.rel.dyn        0x0000c2f4        0x0
 .rel.iplt      0x00000000        0x0 c:/program files (x86)/atmel/studio/7.0/toolchain/arm/arm-gnu-toolchain/bin/../lib/gcc/arm-none-eabi/4.9.3/armv6-m/crtbegin.o

.jcr            0x0000c2f4        0x0
 .jcr           0x0000c2f4        0x0 c:/program files (x86)/atmel/studio/7.0/toolchain/arm/arm-gnu-toolchain/bin/../lib/gcc/arm-none-eabi/4.9.3/armv6-m/crtbegin.o

.igot.plt       0x0000c2f4        0x0
 .igot.plt      0x00000000        0x0 c:/program files (x86)/atmel/studio/7.0/toolchain/arm/arm-gnu-toolchain/bin/../lib/gcc/arm-none-eabi/4.9.3/armv6-m/crtbegin.o

.ARM.exidx
 *(.ARM.exidx* .gnu.linkonce.armexidx.*)
                0x0000c2f4                PROVIDE (__exidx_end, .)
                0x0000c2f4                . = ALIGN (0x4)
                0x0000c2f4                _etext = .

.relocate       0x20000000       0xa0 load address 0x0000c2f4
                0x20000000                . = ALIGN (0x4)
                0x20000000                _srelocate = .
 *(.ramfunc .ramfunc.*)
 *(.data .data.*)
 .data.cycles_per_us
                0x20000000        0x4 src/ASF/common2/services/delay/sam0/systick_counter.o
 .data.cycles_per_ms
                0x20000004        0x4 src/ASF/common2/services/delay/sam0/systick_counter.o
 .data.g_interrupt_enabled
                0x20000008        0x1 src/ASF/common/utils/interrupt/interrupt_sam_nvic.o
                0x20000008                g_interrupt_enabled
 *fill*         0x20000009        0x3 
 .data.hw_timers
                0x2000000c       0x28 src/ASF/thirdparty/wireless/ble_sdk/services/timer/sam0/timer_hw.o
 .data.l2cap_avail_buffers
                0x20000034        0x1 ../src/ASF/thirdparty/wireless/ble_sdk/lib/cm0p/gcc\libble_sdk.a(l2cc_task.o)
                0x20000034                l2cap_avail_buffers
 *fill*         0x20000035        0x3 
 .data.tpfAtBlePrintErr
                0x20000038        0x4 ../src/ASF/thirdparty/wireless/ble_sdk/lib/cm0p/gcc\libble_sdk.a(dbg_logs.o)
                0x20000038                tpfAtBlePrintErr
 .data.impure_data
                0x2000003c       0x60 c:/program files (x86)/atmel/studio/7.0/toolchain/arm/arm-gnu-toolchain/bin/../lib/gcc/arm-none-eabi/4.9.3/../../../../arm-none-eabi/lib/armv6-m\libc_nano.a(lib_a-impure.o)
 .data._impure_ptr
                0x2000009c        0x4 c:/program files (x86)/atmel/studio/7.0/toolchain/arm/arm-gnu-toolchain/bin/../lib/gcc/arm-none-eabi/4.9.3/../../../../arm-none-eabi/lib/armv6-m\libc_nano.a(lib_a-impure.o)
                0x2000009c                _impure_ptr
                0x200000a0                . = ALIGN (0x4)
                0x200000a0                _erelocate = .

.lpram          0x30000000        0x0
                0x30000000                . = ALIGN (0x8)
                0x30000000                _slpram = .
 *(.lpram .lpram.*)
                0x30000000                . = ALIGN (0x8)
                0x30000000                _elpram = .

.bss            0x200000a0     0x2020 load address 0x0000c394
                0x200000a0                . = ALIGN (0x4)
                0x200000a0                _sbss = .
                0x200000a0                _szero = .
 *(.bss .bss.*)
 .bss           0x200000a0       0x1c c:/program files (x86)/atmel/studio/7.0/toolchain/arm/arm-gnu-toolchain/bin/../lib/gcc/arm-none-eabi/4.9.3/armv6-m/crtbegin.o
 .bss.cpu_irq_critical_section_counter
                0x200000bc        0x4 src/ASF/common/utils/interrupt/interrupt_sam_nvic.o
 .bss.cpu_irq_prev_interrupt_state
                0x200000c0        0x1 src/ASF/common/utils/interrupt/interrupt_sam_nvic.o
 *fill*         0x200000c1        0x3 
 .bss._sercom_config
                0x200000c4        0x2 src/ASF/sam0/drivers/sercom/sercom.o
 .bss._handler_table_initialized
                0x200000c6        0x1 src/ASF/sam0/drivers/sercom/sercom_interrupt.o
 *fill*         0x200000c7        0x1 
 .bss._sercom_interrupt_handlers
                0x200000c8       0x18 src/ASF/sam0/drivers/sercom/sercom_interrupt.o
 .bss._system_clock_inst
                0x200000e0       0x18 src/ASF/sam0/drivers/system/clock/clock_saml21/clock.o
 .bss.heap.5211
                0x200000f8        0x4 src/ASF/sam0/utils/syscalls/gcc/syscalls.o
 .bss.att_db_data
                0x200000fc      0x4e0 src/ASF/thirdparty/wireless/ble_sdk/ble_services/ble_mgr/ble_manager.o
                0x200000fc                att_db_data
 .bss.scan_response_count
                0x200005dc        0x1 src/ASF/thirdparty/wireless/ble_sdk/ble_services/ble_mgr/ble_manager.o
                0x200005dc                scan_response_count
 *fill*         0x200005dd        0x3 
 .bss.ble_peripheral_dev_address
                0x200005e0        0x7 src/ASF/thirdparty/wireless/ble_sdk/ble_services/ble_mgr/ble_manager.o
 *fill*         0x200005e7        0x1 
 .bss.cdc_uart_module
                0x200005e8       0x34 src/ASF/thirdparty/wireless/ble_sdk/services/console/sam0/console_serial.o
 .bss.rx_data   0x2000061c        0x2 src/ASF/thirdparty/wireless/ble_sdk/services/serial/uart/sam0/serial_drv.o
 .bss.tc_count.14207
                0x2000061e        0x2 src/ASF/thirdparty/wireless/ble_sdk/services/timer/sam0/timer_hw.o
 .bss.recv_async_cb
                0x20000620        0x4 src/ASF/thirdparty/wireless/ble_sdk/src/platform.o
 .bss.platform_bus_type
                0x20000624        0x1 src/ASF/thirdparty/wireless/ble_sdk/src/platform.o
 *fill*         0x20000625        0x3 
 .bss.event_pool
                0x20000628       0xa0 ../src/ASF/thirdparty/wireless/ble_sdk/lib/cm0p/gcc\libble_sdk.a(event.o)
 .bss.event_pending_list
                0x200006c8        0x4 ../src/ASF/thirdparty/wireless/ble_sdk/lib/cm0p/gcc\libble_sdk.a(event.o)
 .bss.gu8UserDefinedEvent
                0x200006cc        0x1 ../src/ASF/thirdparty/wireless/ble_sdk/lib/cm0p/gcc\libble_sdk.a(event.o)
                0x200006cc                gu8UserDefinedEvent
 *fill*         0x200006cd        0x3 
 .bss.event_free_list
                0x200006d0        0x4 ../src/ASF/thirdparty/wireless/ble_sdk/lib/cm0p/gcc\libble_sdk.a(event.o)
 .bss.u32dbMemorySize
                0x200006d4        0x4 ../src/ASF/thirdparty/wireless/ble_sdk/lib/cm0p/gcc\libble_sdk.a(gatt_server.o)
                0x200006d4                u32dbMemorySize
 .bss.pu8valuesBuffer
                0x200006d8        0x4 ../src/ASF/thirdparty/wireless/ble_sdk/lib/cm0p/gcc\libble_sdk.a(gatt_server.o)
                0x200006d8                pu8valuesBuffer
 .bss.ptstrattDb
                0x200006dc        0x4 ../src/ASF/thirdparty/wireless/ble_sdk/lib/cm0p/gcc\libble_sdk.a(gatt_server.o)
                0x200006dc                ptstrattDb
 .bss.pu8valuesBufferEnd
                0x200006e0        0x4 ../src/ASF/thirdparty/wireless/ble_sdk/lib/cm0p/gcc\libble_sdk.a(gatt_server.o)
                0x200006e0                pu8valuesBufferEnd
 .bss.u32numberOfValues
                0x200006e4        0x4 ../src/ASF/thirdparty/wireless/ble_sdk/lib/cm0p/gcc\libble_sdk.a(gatt_server.o)
                0x200006e4                u32numberOfValues
 .bss.service_setup_buffer
                0x200006e8        0x4 ../src/ASF/thirdparty/wireless/ble_sdk/lib/cm0p/gcc\libble_sdk.a(gatt_server.o)
                0x200006e8                service_setup_buffer
 .bss.sub_state
                0x200006ec        0x4 ../src/ASF/thirdparty/wireless/ble_sdk/lib/cm0p/gcc\libble_sdk.a(interface.o)
 .bss.cur_msg_start
                0x200006f0        0x2 ../src/ASF/thirdparty/wireless/ble_sdk/lib/cm0p/gcc\libble_sdk.a(interface.o)
 .bss.header    0x200006f2        0x8 ../src/ASF/thirdparty/wireless/ble_sdk/lib/cm0p/gcc\libble_sdk.a(interface.o)
 .bss.event_timeout_timer_expired
                0x200006fa        0x1 ../src/ASF/thirdparty/wireless/ble_sdk/lib/cm0p/gcc\libble_sdk.a(interface.o)
 *fill*         0x200006fb        0x1 
 .bss.sw_timers
                0x200006fc       0x30 ../src/ASF/thirdparty/wireless/ble_sdk/lib/cm0p/gcc\libble_sdk.a(interface.o)
 .bss.write_ptr
                0x2000072c        0x2 ../src/ASF/thirdparty/wireless/ble_sdk/lib/cm0p/gcc\libble_sdk.a(interface.o)
 *fill*         0x2000072e        0x2 
 .bss.state     0x20000730        0x4 ../src/ASF/thirdparty/wireless/ble_sdk/lib/cm0p/gcc\libble_sdk.a(interface.o)
                0x20000730                state
 .bss.rx_fifo   0x20000734       0x14 ../src/ASF/thirdparty/wireless/ble_sdk/lib/cm0p/gcc\libble_sdk.a(interface.o)
 .bss.external_wakeup_status
                0x20000748        0x1 ../src/ASF/thirdparty/wireless/ble_sdk/lib/cm0p/gcc\libble_sdk.a(interface.o)
 *fill*         0x20000749        0x3 
 .bss.event_timeout_timer_handle
                0x2000074c        0x4 ../src/ASF/thirdparty/wireless/ble_sdk/lib/cm0p/gcc\libble_sdk.a(interface.o)
 .bss.bus_activity_status
                0x20000750        0x1 ../src/ASF/thirdparty/wireless/ble_sdk/lib/cm0p/gcc\libble_sdk.a(interface.o)
 .bss.bus_type  0x20000751        0x1 ../src/ASF/thirdparty/wireless/ble_sdk/lib/cm0p/gcc\libble_sdk.a(interface.o)
 *fill*         0x20000752        0x2 
 .bss.cmd_cmpl_timeout_timer_handle
                0x20000754        0x4 ../src/ASF/thirdparty/wireless/ble_sdk/lib/cm0p/gcc\libble_sdk.a(interface.o)
 .bss.platform  0x20000758        0x4 ../src/ASF/thirdparty/wireless/ble_sdk/lib/cm0p/gcc\libble_sdk.a(interface.o)
 .bss.header_idx
                0x2000075c        0x2 ../src/ASF/thirdparty/wireless/ble_sdk/lib/cm0p/gcc\libble_sdk.a(interface.o)
 .bss.rx_fifo_buffer
                0x2000075e      0x200 ../src/ASF/thirdparty/wireless/ble_sdk/lib/cm0p/gcc\libble_sdk.a(interface.o)
 .bss.hw_timer_status
                0x2000095e        0x1 ../src/ASF/thirdparty/wireless/ble_sdk/lib/cm0p/gcc\libble_sdk.a(interface.o)
 *fill*         0x2000095f        0x1 
 .bss.bus_activity_timer_handle
                0x20000960        0x4 ../src/ASF/thirdparty/wireless/ble_sdk/lib/cm0p/gcc\libble_sdk.a(interface.o)
 .bss.cmd_cmpl_flag
                0x20000964        0x1 ../src/ASF/thirdparty/wireless/ble_sdk/lib/cm0p/gcc\libble_sdk.a(interface.o)
 *fill*         0x20000965        0x3 
 .bss.platform_timer_handle
                0x20000968        0x4 ../src/ASF/thirdparty/wireless/ble_sdk/lib/cm0p/gcc\libble_sdk.a(interface.o)
 .bss.RTS       0x2000096c        0x1 ../src/ASF/thirdparty/wireless/ble_sdk/lib/cm0p/gcc\libble_sdk.a(interface.o)
 .bss.event_param_buffer
                0x2000096d      0x400 ../src/ASF/thirdparty/wireless/ble_sdk/lib/cm0p/gcc\libble_sdk.a(interface.o)
 .bss.dummy_key.7408
                0x20000d6d       0x10 ../src/ASF/thirdparty/wireless/ble_sdk/lib/cm0p/gcc\libble_sdk.a(gapc_task.o)
 *fill*         0x20000d7d        0x1 
 .bss.peer_key_info
                0x20000d7e       0x46 ../src/ASF/thirdparty/wireless/ble_sdk/lib/cm0p/gcc\libble_sdk.a(gapc_task.o)
 .bss.dummy_key.7272
                0x20000dc4       0x10 ../src/ASF/thirdparty/wireless/ble_sdk/lib/cm0p/gcc\libble_sdk.a(gapc_task.o)
 .bss.dummy_key.7390
                0x20000dd4       0x10 ../src/ASF/thirdparty/wireless/ble_sdk/lib/cm0p/gcc\libble_sdk.a(gapc_task.o)
 .bss.g_seq_num_rx
                0x20000de4        0x2 ../src/ASF/thirdparty/wireless/ble_sdk/lib/cm0p/gcc\libble_sdk.a(gattc_task.o)
 *fill*         0x20000de6        0x2 
 .bss.u32usedBuffers
                0x20000de8        0x4 ../src/ASF/thirdparty/wireless/ble_sdk/lib/cm0p/gcc\libble_sdk.a(gattm_task.o)
                0x20000de8                u32usedBuffers
 .bss.slave_state
                0x20000dec        0x1 ../src/ASF/thirdparty/wireless/ble_sdk/lib/cm0p/gcc\libble_sdk.a(at_ble_patch.o)
                0x20000dec                slave_state
 *fill*         0x20000ded        0x3 
 .bss.__malloc_sbrk_start
                0x20000df0        0x4 c:/program files (x86)/atmel/studio/7.0/toolchain/arm/arm-gnu-toolchain/bin/../lib/gcc/arm-none-eabi/4.9.3/../../../../arm-none-eabi/lib/armv6-m\libc_nano.a(lib_a-nano-mallocr.o)
                0x20000df0                __malloc_sbrk_start
 .bss.__malloc_free_list
                0x20000df4        0x4 c:/program files (x86)/atmel/studio/7.0/toolchain/arm/arm-gnu-toolchain/bin/../lib/gcc/arm-none-eabi/4.9.3/../../../../arm-none-eabi/lib/armv6-m\libc_nano.a(lib_a-nano-mallocr.o)
                0x20000df4                __malloc_free_list
 *(COMMON)
 COMMON         0x20000df8        0x1 src/ASF/sam0/drivers/extint/extint_callback.o
                0x20000df8                _current_channel
 *fill*         0x20000df9        0x3 
 COMMON         0x20000dfc       0x40 src/ASF/sam0/drivers/extint/extint_sam_l_c/extint.o